Component: ARM Compiler 5.06 update 7 (build 960) Tool: armlink [4d3601]

==============================================================================

Section Cross References

    startup_stm32f103xb.o(RESET) refers to startup_stm32f103xb.o(STACK) for __initial_sp
    startup_stm32f103xb.o(RESET) refers to startup_stm32f103xb.o(.text) for Reset_Handler
    startup_stm32f103xb.o(RESET) refers to stm32f1xx_it.o(i.NMI_Handler) for NMI_Handler
    startup_stm32f103xb.o(RESET) refers to stm32f1xx_it.o(i.HardFault_Handler) for HardFault_Handler
    startup_stm32f103xb.o(RESET) refers to stm32f1xx_it.o(i.MemManage_Handler) for MemManage_Handler
    startup_stm32f103xb.o(RESET) refers to stm32f1xx_it.o(i.BusFault_Handler) for BusFault_Handler
    startup_stm32f103xb.o(RESET) refers to stm32f1xx_it.o(i.UsageFault_Handler) for UsageFault_Handler
    startup_stm32f103xb.o(RESET) refers to stm32f1xx_it.o(i.SVC_Handler) for SVC_Handler
    startup_stm32f103xb.o(RESET) refers to stm32f1xx_it.o(i.DebugMon_Handler) for DebugMon_Handler
    startup_stm32f103xb.o(RESET) refers to stm32f1xx_it.o(i.PendSV_Handler) for PendSV_Handler
    startup_stm32f103xb.o(RESET) refers to stm32f1xx_it.o(i.SysTick_Handler) for SysTick_Handler
    startup_stm32f103xb.o(RESET) refers to stm32f1xx_it.o(i.TIM3_IRQHandler) for TIM3_IRQHandler
    startup_stm32f103xb.o(RESET) refers to stm32f1xx_it.o(i.USART2_IRQHandler) for USART2_IRQHandler
    startup_stm32f103xb.o(.text) refers to system_stm32f1xx.o(i.SystemInit) for SystemInit
    startup_stm32f103xb.o(.text) refers to entry.o(.ARM.Collect$$$$00000000) for __main
    imu.o(i.IMU_get_euler) refers to fmul.o(.text) for __aeabi_fmul
    imu.o(i.IMU_get_euler) refers to fadd.o(.text) for __aeabi_fsub
    imu.o(i.IMU_get_euler) refers to fscalb.o(.text) for __ARM_scalbnf
    imu.o(i.IMU_get_euler) refers to fflti.o(.text) for __aeabi_i2f
    imu.o(i.IMU_get_euler) refers to imu.o(i.Q_rsqrt) for Q_rsqrt
    imu.o(i.IMU_get_euler) refers to atan2f.o(i.atan2f) for atan2f
    imu.o(i.IMU_get_euler) refers to f2d.o(.text) for __aeabi_f2d
    imu.o(i.IMU_get_euler) refers to asin.o(i.asin) for asin
    imu.o(i.IMU_get_euler) refers to dmul.o(.text) for __aeabi_dmul
    imu.o(i.IMU_get_euler) refers to d2f.o(.text) for __aeabi_d2f
    imu.o(i.IMU_get_euler) refers to atan2.o(i.atan2) for atan2
    imu.o(i.IMU_get_euler) refers to imu.o(.data) for .data
    imu.o(i.IMU_get_euler) refers to imu.o(.bss) for .bss
    imu.o(i.IMU_get_euler_Inter) refers to fflti.o(.text) for __aeabi_i2f
    imu.o(i.IMU_get_euler_Inter) refers to fmul.o(.text) for __aeabi_fmul
    imu.o(i.IMU_get_euler_Inter) refers to fadd.o(.text) for __aeabi_fadd
    imu.o(i.IMU_get_origion_data) refers to mpu6050.o(i.MPU_Read_Len) for MPU_Read_Len
    imu.o(i.IMU_get_origion_data) refers to fflti.o(.text) for __aeabi_i2f
    imu.o(i.IMU_get_origion_data) refers to imu.o(i.kalman_1) for kalman_1
    imu.o(i.IMU_get_origion_data) refers to ffixi.o(.text) for __aeabi_f2iz
    imu.o(i.IMU_get_origion_data) refers to fmul.o(.text) for __aeabi_fmul
    imu.o(i.IMU_get_origion_data) refers to fadd.o(.text) for __aeabi_fadd
    imu.o(i.IMU_get_origion_data) refers to imu.o(.data) for .data
    imu.o(i.IMU_get_origion_data) refers to imu.o(.bss) for .bss
    imu.o(i.Q_rsqrt) refers to fscalb.o(.text) for __ARM_scalbnf
    imu.o(i.Q_rsqrt) refers to fmul.o(.text) for __aeabi_fmul
    imu.o(i.Q_rsqrt) refers to fadd.o(.text) for __aeabi_frsub
    imu.o(i.kalman_1) refers to fadd.o(.text) for __aeabi_fadd
    imu.o(i.kalman_1) refers to fdiv.o(.text) for __aeabi_fdiv
    imu.o(i.kalman_1) refers to fmul.o(.text) for __aeabi_fmul
    mpu6050.o(i.MPU_Get_Accelerometer) refers to mpu6050.o(i.MPU_Read_Len) for MPU_Read_Len
    mpu6050.o(i.MPU_Get_Gyroscope) refers to mpu6050.o(i.MPU_Read_Len) for MPU_Read_Len
    mpu6050.o(i.MPU_Get_Temperature) refers to mpu6050.o(i.MPU_Read_Len) for MPU_Read_Len
    mpu6050.o(i.MPU_Get_Temperature) refers to dflti.o(.text) for __aeabi_i2d
    mpu6050.o(i.MPU_Get_Temperature) refers to ddiv.o(.text) for __aeabi_ddiv
    mpu6050.o(i.MPU_Get_Temperature) refers to dadd.o(.text) for __aeabi_dadd
    mpu6050.o(i.MPU_Get_Temperature) refers to d2f.o(.text) for __aeabi_d2f
    mpu6050.o(i.MPU_Get_Temperature) refers to fmul.o(.text) for __aeabi_fmul
    mpu6050.o(i.MPU_Get_Temperature) refers to ffixi.o(.text) for __aeabi_f2iz
    mpu6050.o(i.MPU_Init) refers to mpu6050.o(i.MPU_Write_Byte) for MPU_Write_Byte
    mpu6050.o(i.MPU_Init) refers to stm32f1xx_hal.o(i.HAL_Delay) for HAL_Delay
    mpu6050.o(i.MPU_Init) refers to mpu6050.o(i.MPU_Read_Byte) for MPU_Read_Byte
    mpu6050.o(i.MPU_Init) refers to mpu6050.o(i.MPU_Set_Gyro_Fsr) for MPU_Set_Gyro_Fsr
    mpu6050.o(i.MPU_Init) refers to mpu6050.o(i.MPU_Set_Accel_Fsr) for MPU_Set_Accel_Fsr
    mpu6050.o(i.MPU_Init) refers to mpu6050.o(i.MPU_Set_Rate) for MPU_Set_Rate
    mpu6050.o(i.MPU_Read_Byte) refers to stm32f1xx_hal_i2c.o(i.HAL_I2C_Mem_Read) for HAL_I2C_Mem_Read
[...]
    ..\Core\Src\stm32f1xx_it.c               0x00000000   Number         0  stm32f1xx_it.o ABSOLUTE
    ..\Core\Src\system_stm32f1xx.c           0x00000000   Number         0  system_stm32f1xx.o ABSOLUTE
    ..\Core\Src\tim.c                        0x00000000   Number         0  tim.o ABSOLUTE
    ..\Core\Src\usart.c                      0x00000000   Number         0  usart.o ABSOLUTE
    ..\Drivers\STM32F1xx_HAL_Driver\Src\stm32f1xx_hal.c 0x00000000   Number         0  stm32f1xx_hal.o ABSOLUTE
    ..\Drivers\STM32F1xx_HAL_Driver\Src\stm32f1xx_hal_cortex.c 0x00000000   Number         0  stm32f1xx_hal_cortex.o ABSOLUTE
    ..\Drivers\STM32F1xx_HAL_Driver\Src\stm32f1xx_hal_dma.c 0x00000000   Number         0  stm32f1xx_hal_dma.o ABSOLUTE
    ..\Drivers\STM32F1xx_HAL_Driver\Src\stm32f1xx_hal_exti.c 0x00000000   Number         0  stm32f1xx_hal_exti.o ABSOLUTE
    ..\Drivers\STM32F1xx_HAL_Driver\Src\stm32f1xx_hal_flash.c 0x00000000   Number         0  stm32f1xx_hal_flash.o ABSOLUTE
    ..\Drivers\STM32F1xx_HAL_Driver\Src\stm32f1xx_hal_flash_ex.c 0x00000000   Number         0  stm32f1xx_hal_flash_ex.o ABSOLUTE
    ..\Drivers\STM32F1xx_HAL_Driver\Src\stm32f1xx_hal_gpio.c 0x00000000   Number         0  stm32f1xx_hal_gpio.o ABSOLUTE
    ..\Drivers\STM32F1xx_HAL_Driver\Src\stm32f1xx_hal_gpio_ex.c 0x00000000   Number         0  stm32f1xx_hal_gpio_ex.o ABSOLUTE
    ..\Drivers\STM32F1xx_HAL_Driver\Src\stm32f1xx_hal_i2c.c 0x00000000   Number         0  stm32f1xx_hal_i2c.o ABSOLUTE
    ..\Drivers\STM32F1xx_HAL_Driver\Src\stm32f1xx_hal_pwr.c 0x00000000   Number         0  stm32f1xx_hal_pwr.o ABSOLUTE
    ..\Drivers\STM32F1xx_HAL_Driver\Src\stm32f1xx_hal_rcc.c 0x00000000   Number         0  stm32f1xx_hal_rcc.o ABSOLUTE
    ..\Drivers\STM32F1xx_HAL_Driver\Src\stm32f1xx_hal_rcc_ex.c 0x00000000   Number         0  stm32f1xx_hal_rcc_ex.o ABSOLUTE
    ..\Drivers\STM32F1xx_HAL_Driver\Src\stm32f1xx_hal_tim.c 0x00000000   Number         0  stm32f1xx_hal_tim.o ABSOLUTE
    ..\Drivers\STM32F1xx_HAL_Driver\Src\stm32f1xx_hal_tim_ex.c 0x00000000   Number         0  stm32f1xx_hal_tim_ex.o ABSOLUTE
    ..\Drivers\STM32F1xx_HAL_Driver\Src\stm32f1xx_hal_uart.c 0x00000000   Number         0  stm32f1xx_hal_uart.o ABSOLUTE
    ..\\Core\\Src\\MPU6050.c                 0x00000000   Number         0  mpu6050.o ABSOLUTE
    ..\\Core\\Src\\Motor.c                   0x00000000   Number         0  motor.o ABSOLUTE
    ..\\Core\\Src\\PID.c                     0x00000000   Number         0  pid.o ABSOLUTE
    ..\\Core\\Src\\debug.c                   0x00000000   Number         0  debug.o ABSOLUTE
    ..\\Core\\Src\\delay.c                   0x00000000   Number         0  delay.o ABSOLUTE
    ..\\Core\\Src\\imu.c                     0x00000000   Number         0  imu.o ABSOLUTE
    ..\\Core\\Src\\oled.c                    0x00000000   Number         0  oled.o ABSOLUTE
    cdcmple.s                                0x00000000   Number         0  cdcmple.o ABSOLUTE
    cdrcmple.s                               0x00000000   Number         0  cdrcmple.o ABSOLUTE
    dc.s                                     0x00000000   Number         0  dc.o ABSOLUTE
    handlers.s                               0x00000000   Number         0  handlers.o ABSOLUTE
    init.s                                   0x00000000   Number         0  init.o ABSOLUTE
    startup_stm32f103xb.s                    0x00000000   Number         0  startup_stm32f103xb.o ABSOLUTE
    RESET                                    0x08000000   Section      236  startup_stm32f103xb.o(RESET)
    .ARM.Collect$$$$00000000                 0x080000ec   Section        0  entry.o(.ARM.Collect$$$$00000000)
    .ARM.Collect$$$$00000001                 0x080000ec   Section        4  entry2.o(.ARM.Collect$$$$00000001)
    .ARM.Collect$$$$00000004                 0x080000f0   Section        4  entry5.o(.ARM.Collect$$$$00000004)
    .ARM.Collect$$$$00000008                 0x080000f4   Section        0  entry7b.o(.ARM.Collect$$$$00000008)
    .ARM.Collect$$$$0000000A                 0x080000f4   Section        0  entry8b.o(.ARM.Collect$$$$0000000A)
    .ARM.Collect$$$$0000000B                 0x080000f4   Section        8  entry9a.o(.ARM.Collect$$$$0000000B)
    .ARM.Collect$$$$0000000E                 0x080000fc   Section        4  entry12b.o(.ARM.Collect$$$$0000000E)
    .ARM.Collect$$$$0000000F                 0x08000100   Section        0  entry10a.o(.ARM.Collect$$$$0000000F)
    .ARM.Collect$$$$00000011                 0x08000100   Section        0  entry11a.o(.ARM.Collect$$$$00000011)
    .ARM.Collect$$$$00002712                 0x08000100   Section        4  entry2.o(.ARM.Collect$$$$00002712)
    __lit__00000000                          0x08000100   Data           4  entry2.o(.ARM.Collect$$$$00002712)
    .text                                    0x08000104   Section       36  startup_stm32f103xb.o(.text)
    .text                                    0x08000128   Section        0  llushr.o(.text)
    .text                                    0x08000148   Section        0  memseta.o(.text)
    .text                                    0x0800016c   Section        0  fadd.o(.text)
    .text                                    0x0800021c   Section        0  fmul.o(.text)
    .text                                    0x08000280   Section        0  fdiv.o(.text)
    .text                                    0x080002fc   Section        0  fscalb.o(.text)
    .text                                    0x08000314   Section        0  dadd.o(.text)
    .text                                    0x08000462   Section        0  dmul.o(.text)
    .text                                    0x08000546   Section        0  ddiv.o(.text)
    .text                                    0x08000624   Section        0  fflti.o(.text)
    .text                                    0x08000636   Section        0  ffltui.o(.text)
    .text                                    0x08000640   Section        0  ffixi.o(.text)
    .text                                    0x08000672   Section        0  ffixui.o(.text)
    .text                                    0x0800069a   Section        0  dfixi.o(.text)
    .text                                    0x080006d8   Section        0  f2d.o(.text)
    .text                                    0x080006fe   Section        0  d2f.o(.text)
    .text                                    0x08000736   Section        0  uidiv.o(.text)
    .text                                    0x08000762   Section        0  uldiv.o(.text)
    .text                                    0x080007c4   Section        0  llshl.o(.text)
    .text                                    0x080007e2   Section        0  llsshr.o(.text)
    .text                                    0x08000806   Section        0  iusefp.o(.text)
    .text                                    0x08000806   Section        0  fepilogue.o(.text)
    .text                                    0x08000874   Section        0  depilogue.o(.text)
    .text                                    0x0800092e   Section        0  dscalb.o(.text)
    .text                                    0x0800095c   Section        0  dfixul.o(.text)
    .text                                    0x0800098c   Section       48  cdcmple.o(.text)
    .text                                    0x080009bc   Section       48  cdrcmple.o(.text)
    .text                                    0x080009ec   Section       36  init.o(.text)
    .text                                    0x08000a10   Section        0  dsqrt.o(.text)
    i.BusFault_Handler                       0x08000ab2   Section        0  stm32f1xx_it.o(i.BusFault_Handler)
    i.DebugMon_Handler                       0x08000ab4   Section        0  stm32f1xx_it.o(i.DebugMon_Handler)
    i.Error_Handler                          0x08000ab6   Section        0  main.o(i.Error_Handler)
    i.HAL_DMA_Abort                          0x08000aba   Section        0  stm32f1xx_hal_dma.o(i.HAL_DMA_Abort)
    i.HAL_DMA_Abort_IT                       0x08000b00   Section        0  stm32f1xx_hal_dma.o(i.HAL_DMA_Abort_IT)
    i.HAL_Delay                              0x08000b98   Section        0  stm32f1xx_hal.o(i.HAL_Delay)
    i.HAL_GPIO_Init                          0x08000bbc   Section        0  stm32f1xx_hal_gpio.o(i.HAL_GPIO_Init)
    i.HAL_GPIO_TogglePin                     0x08000d9c   Section        0  stm32f1xx_hal_gpio.o(i.HAL_GPIO_TogglePin)
    i.HAL_GPIO_WritePin                      0x08000dac   Section        0  stm32f1xx_hal_gpio.o(i.HAL_GPIO_WritePin)
    i.HAL_GetTick                            0x08000db8   Section        0  stm32f1xx_hal.o(i.HAL_GetTick)
    i.HAL_I2C_Init                           0x08000dc4   Section        0  stm32f1xx_hal_i2c.o(i.HAL_I2C_Init)
    i.HAL_I2C_Mem_Read                       0x08000f4c   Section        0  stm32f1xx_hal_i2c.o(i.HAL_I2C_Mem_Read)
    i.HAL_I2C_Mem_Write                      0x0800119c   Section        0  stm32f1xx_hal_i2c.o(i.HAL_I2C_Mem_Write)
    i.HAL_I2C_MspInit                        0x080012cc   Section        0  i2c.o(i.HAL_I2C_MspInit)
    i.HAL_IncTick                            0x08001374   Section        0  stm32f1xx_hal.o(i.HAL_IncTick)
    i.HAL_Init                               0x08001384   Section        0  stm32f1xx_hal.o(i.HAL_Init)
    i.HAL_InitTick                           0x080013a8   Section        0  stm32f1xx_hal.o(i.HAL_InitTick)
    i.HAL_MspInit                            0x080013e8   Section        0  stm32f1xx_hal_msp.o(i.HAL_MspInit)
    i.HAL_NVIC_EnableIRQ                     0x08001424   Section        0  stm32f1xx_hal_cortex.o(i.HAL_NVIC_EnableIRQ)
    i.HAL_NVIC_SetPriority                   0x08001440   Section        0  stm32f1xx_hal_cortex.o(i.HAL_NVIC_SetPriority)
    i.HAL_NVIC_SetPriorityGrouping           0x08001480   Section        0  stm32f1xx_hal_cortex.o(i.HAL_NVIC_SetPriorityGrouping)
    i.HAL_RCC_ClockConfig                    0x080014a4   Section        0  stm32f1xx_hal_rcc.o(i.HAL_RCC_ClockConfig)
    i.HAL_RCC_GetPCLK1Freq                   0x080015d0   Section        0  stm32f1xx_hal_rcc.o(i.HAL_RCC_GetPCLK1Freq)
    i.HAL_RCC_GetPCLK2Freq                   0x080015f0   Section        0  stm32f1xx_hal_rcc.o(i.HAL_RCC_GetPCLK2Freq)
    i.HAL_RCC_GetSysClockFreq                0x08001610   Section        0  stm32f1xx_hal_rcc.o(i.HAL_RCC_GetSysClockFreq)
    i.HAL_RCC_OscConfig                      0x0800167c   Section        0  stm32f1xx_hal_rcc.o(i.HAL_RCC_OscConfig)
    i.HAL_SYSTICK_Config                     0x0800199c   Section        0  stm32f1xx_hal_cortex.o(i.HAL_SYSTICK_Config)
    i.HAL_TIMEx_BreakCallback                0x080019c4   Section        0  stm32f1xx_hal_tim_ex.o(i.HAL_TIMEx_BreakCallback)
    i.HAL_TIMEx_CommutCallback               0x080019c6   Section        0  stm32f1xx_hal_tim_ex.o(i.HAL_TIMEx_CommutCallback)
    i.HAL_TIMEx_MasterConfigSynchronization  0x080019c8   Section        0  stm32f1xx_hal_tim_ex.o(i.HAL_TIMEx_MasterConfigSynchronization)
    i.HAL_TIM_Base_Init                      0x08001a30   Section        0  stm32f1xx_hal_tim.o(i.HAL_TIM_Base_Init)
    i.HAL_TIM_Base_MspInit                   0x08001a8c   Section        0  tim.o(i.HAL_TIM_Base_MspInit)
    i.HAL_TIM_Base_Start_IT                  0x08001ac8   Section        0  stm32f1xx_hal_tim.o(i.HAL_TIM_Base_Start_IT)
    i.HAL_TIM_ConfigClockSource              0x08001b20   Section        0  stm32f1xx_hal_tim.o(i.HAL_TIM_ConfigClockSource)
    i.HAL_TIM_Encoder_Init                   0x08001bf6   Section        0  stm32f1xx_hal_tim.o(i.HAL_TIM_Encoder_Init)
    i.HAL_TIM_Encoder_MspInit                0x08001c9c   Section        0  tim.o(i.HAL_TIM_Encoder_MspInit)
    i.HAL_TIM_Encoder_Start                  0x08001d1c   Section        0  stm32f1xx_hal_tim.o(i.HAL_TIM_Encoder_Start)
    i.HAL_TIM_IC_CaptureCallback             0x08001daa   Section        0  stm32f1xx_hal_tim.o(i.HAL_TIM_IC_CaptureCallback)
    i.HAL_TIM_IRQHandler                     0x08001dac   Section        0  stm32f1xx_hal_tim.o(i.HAL_TIM_IRQHandler)
    i.HAL_TIM_MspPostInit                    0x08001f14   Section        0  tim.o(i.HAL_TIM_MspPostInit)
    i.HAL_TIM_OC_DelayElapsedCallback        0x08001f60   Section        0  stm32f1xx_hal_tim.o(i.HAL_TIM_OC_DelayElapsedCallback)
    i.HAL_TIM_PWM_ConfigChannel              0x08001f62   Section        0  stm32f1xx_hal_tim.o(i.HAL_TIM_PWM_ConfigChannel)
    i.HAL_TIM_PWM_Init                       0x08002028   Section        0  stm32f1xx_hal_tim.o(i.HAL_TIM_PWM_Init)
    i.HAL_TIM_PWM_MspInit                    0x08002082   Section        0  stm32f1xx_hal_tim.o(i.HAL_TIM_PWM_MspInit)
    i.HAL_TIM_PWM_PulseFinishedCallback      0x08002084   Section        0  stm32f1xx_hal_tim.o(i.HAL_TIM_PWM_PulseFinishedCallback)
    i.HAL_TIM_PWM_Start                      0x08002088   Section        0  stm32f1xx_hal_tim.o(i.HAL_TIM_PWM_Start)
    i.HAL_TIM_PeriodElapsedCallback          0x08002124   Section        0  stm32f1xx_it.o(i.HAL_TIM_PeriodElapsedCallback)
    i.HAL_TIM_TriggerCallback                0x080021d8   Section        0  stm32f1xx_hal_tim.o(i.HAL_TIM_TriggerCallback)
    i.HAL_UARTEx_RxEventCallback             0x080021da   Section        0  stm32f1xx_hal_uart.o(i.HAL_UARTEx_RxEventCallback)
    i.HAL_UART_ErrorCallback                 0x080021dc   Section        0  stm32f1xx_hal_uart.o(i.HAL_UART_ErrorCallback)
    i.HAL_UART_IRQHandler                    0x080021e0   Section        0  stm32f1xx_hal_uart.o(i.HAL_UART_IRQHandler)
    i.HAL_UART_Init                          0x080023ec   Section        0  stm32f1xx_hal_uart.o(i.HAL_UART_Init)
    i.HAL_UART_MspInit                       0x08002450   Section        0  usart.o(i.HAL_UART_MspInit)
    i.HAL_UART_RxCpltCallback                0x080024d0   Section        0  stm32f1xx_hal_uart.o(i.HAL_UART_RxCpltCallback)
    i.HAL_UART_Transmit                      0x080024d4   Section        0  stm32f1xx_hal_uart.o(i.HAL_UART_Transmit)
    i.HAL_UART_TxCpltCallback                0x08002586   Section        0  stm32f1xx_hal_uart.o(i.HAL_UART_TxCpltCallback)
    i.HardFault_Handler                      0x08002588   Section        0  stm32f1xx_it.o(i.HardFault_Handler)
    i.I2C_IsAcknowledgeFailed                0x0800258a   Section        0  stm32f1xx_hal_i2c.o(i.I2C_IsAcknowledgeFailed)
    I2C_IsAcknowledgeFailed                  0x0800258b   Thumb Code    46  stm32f1xx_hal_i2c.o(i.I2C_IsAcknowledgeFailed)
    i.I2C_RequestMemoryRead                  0x080025b8   Section        0  stm32f1xx_hal_i2c.o(i.I2C_RequestMemoryRead)
    I2C_RequestMemoryRead                    0x080025b9   Thumb Code   246  stm32f1xx_hal_i2c.o(i.I2C_RequestMemoryRead)
    i.I2C_RequestMemoryWrite                 0x080026b4   Section        0  stm32f1xx_hal_i2c.o(i.I2C_RequestMemoryWrite)
    I2C_RequestMemoryWrite                   0x080026b5   Thumb Code   162  stm32f1xx_hal_i2c.o(i.I2C_RequestMemoryWrite)
    i.I2C_WaitOnBTFFlagUntilTimeout          0x0800275c   Section        0  stm32f1xx_hal_i2c.o(i.I2C_WaitOnBTFFlagUntilTimeout)
    I2C_WaitOnBTFFlagUntilTimeout            0x0800275d   Thumb Code    76  stm32f1xx_hal_i2c.o(i.I2C_WaitOnBTFFlagUntilTimeout)
    i.I2C_WaitOnFlagUntilTimeout             0x080027a8   Section        0  stm32f1xx_hal_i2c.o(i.I2C_WaitOnFlagUntilTimeout)
    I2C_WaitOnFlagUntilTimeout               0x080027a9   Thumb Code   104  stm32f1xx_hal_i2c.o(i.I2C_WaitOnFlagUntilTimeout)
    i.I2C_WaitOnMasterAddressFlagUntilTimeout 0x08002810   Section        0  stm32f1xx_hal_i2c.o(i.I2C_WaitOnMasterAddressFlagUntilTimeout)
    I2C_WaitOnMasterAddressFlagUntilTimeout  0x08002811   Thumb Code   150  stm32f1xx_hal_i2c.o(i.I2C_WaitOnMasterAddressFlagUntilTimeout)
    i.I2C_WaitOnRXNEFlagUntilTimeout         0x080028a6   Section        0  stm32f1xx_hal_i2c.o(i.I2C_WaitOnRXNEFlagUntilTimeout)
    I2C_WaitOnRXNEFlagUntilTimeout           0x080028a7   Thumb Code   102  stm32f1xx_hal_i2c.o(i.I2C_WaitOnRXNEFlagUntilTimeout)
    i.I2C_WaitOnTXEFlagUntilTimeout          0x0800290c   Section        0  stm32f1xx_hal_i2c.o(i.I2C_WaitOnTXEFlagUntilTimeout)
    I2C_WaitOnTXEFlagUntilTimeout            0x0800290d   Thumb Code    76  stm32f1xx_hal_i2c.o(i.I2C_WaitOnTXEFlagUntilTimeout)
    i.IMU_get_euler                          0x08002958   Section        0  imu.o(i.IMU_get_euler)
    i.IMU_get_origion_data                   0x08002df8   Section        0  imu.o(i.IMU_get_origion_data)
    i.MPU_Init                               0x08002f4c   Section        0  mpu6050.o(i.MPU_Init)
    i.MPU_Read_Byte                          0x08002fc4   Section        0  mpu6050.o(i.MPU_Read_Byte)
    i.MPU_Read_Len                           0x08002fe8   Section        0  mpu6050.o(i.MPU_Read_Len)
    i.MPU_Set_Accel_Fsr                      0x08003008   Section        0  mpu6050.o(i.MPU_Set_Accel_Fsr)
    i.MPU_Set_Gyro_Fsr                       0x08003012   Section        0  mpu6050.o(i.MPU_Set_Gyro_Fsr)
    i.MPU_Set_LPF                            0x0800301c   Section        0  mpu6050.o(i.MPU_Set_LPF)
    i.MPU_Set_Rate                           0x0800304c   Section        0  mpu6050.o(i.MPU_Set_Rate)
    i.MPU_Write_Byte                         0x0800307c   Section        0  mpu6050.o(i.MPU_Write_Byte)
    i.MX_GPIO_Init                           0x080030a0   Section        0  gpio.o(i.MX_GPIO_Init)
    i.MX_I2C1_Init                           0x08003150   Section        0  i2c.o(i.MX_I2C1_Init)
    i.MX_I2C2_Init                           0x08003190   Section        0  i2c.o(i.MX_I2C2_Init)
    i.MX_TIM1_Init                           0x080031d0   Section        0  tim.o(i.MX_TIM1_Init)
    i.MX_TIM2_Init                           0x0800323c   Section        0  tim.o(i.MX_TIM2_Init)
    i.MX_TIM3_Init                           0x080032a4   Section        0  tim.o(i.MX_TIM3_Init)
    i.MX_USART2_UART_Init                    0x08003350   Section        0  usart.o(i.MX_USART2_UART_Init)
    i.MemManage_Handler                      0x08003388   Section        0  stm32f1xx_it.o(i.MemManage_Handler)
    i.Motor_Init                             0x0800338c   Section        0  motor.o(i.Motor_Init)
    i.Motor_go                               0x08003428   Section        0  motor.o(i.Motor_go)
    i.NMI_Handler                            0x08003480   Section        0  stm32f1xx_it.o(i.NMI_Handler)
    i.OLED_Clear                             0x08003482   Section        0  oled.o(i.OLED_Clear)
    i.OLED_DrawLine                          0x080034be   Section        0  oled.o(i.OLED_DrawLine)
    i.OLED_DrawPoint                         0x0800357a   Section        0  oled.o(i.OLED_DrawPoint)
    i.OLED_Init                              0x08003598   Section        0  oled.o(i.OLED_Init)
    i.OLED_Set_Pos                           0x08003676   Section        0  oled.o(i.OLED_Set_Pos)
    i.OLED_ShowChar                          0x080036a4   Section        0  oled.o(i.OLED_ShowChar)
    i.OLED_ShowString                        0x0800372c   Section        0  oled.o(i.OLED_ShowString)
    i.OLED_WR_Byte                           0x08003762   Section        0  oled.o(i.OLED_WR_Byte)
    i.PID_Init                               0x0800377c   Section        0  pid.o(i.PID_Init)
    i.PendSV_Handler                         0x080037c0   Section        0  stm32f1xx_it.o(i.PendSV_Handler)
    i.Q_rsqrt                                0x080037c4   Section        0  imu.o(i.Q_rsqrt)
    i.SVC_Handler                            0x080037fc   Section        0  stm32f1xx_it.o(i.SVC_Handler)
    i.SysTick_Handler                        0x080037fe   Section        0  stm32f1xx_it.o(i.SysTick_Handler)
    i.SystemClock_Config                     0x08003802   Section        0  main.o(i.SystemClock_Config)
    i.SystemInit                             0x08003860   Section        0  system_stm32f1xx.o(i.SystemInit)
    i.TIM3_IRQHandler                        0x08003864   Section        0  stm32f1xx_it.o(i.TIM3_IRQHandler)
    i.TIM_Base_SetConfig                     0x08003870   Section        0  stm32f1xx_hal_tim.o(i.TIM_Base_SetConfig)
    i.TIM_CCxChannelCmd                      0x080038dc   Section        0  stm32f1xx_hal_tim.o(i.TIM_CCxChannelCmd)
    i.TIM_ETR_SetConfig                      0x080038f6   Section        0  stm32f1xx_hal_tim.o(i.TIM_ETR_SetConfig)
    i.TIM_ITRx_SetConfig                     0x0800390a   Section        0  stm32f1xx_hal_tim.o(i.TIM_ITRx_SetConfig)
    TIM_ITRx_SetConfig                       0x0800390b   Thumb Code    16  stm32f1xx_hal_tim.o(i.TIM_ITRx_SetConfig)
    i.TIM_OC1_SetConfig                      0x0800391c   Section        0  stm32f1xx_hal_tim.o(i.TIM_OC1_SetConfig)
    TIM_OC1_SetConfig                        0x0800391d   Thumb Code    74  stm32f1xx_hal_tim.o(i.TIM_OC1_SetConfig)
    i.TIM_OC2_SetConfig                      0x0800396c   Section        0  stm32f1xx_hal_tim.o(i.TIM_OC2_SetConfig)
    i.TIM_OC3_SetConfig                      0x080039c4   Section        0  stm32f1xx_hal_tim.o(i.TIM_OC3_SetConfig)
    TIM_OC3_SetConfig                        0x080039c5   Thumb Code    82  stm32f1xx_hal_tim.o(i.TIM_OC3_SetConfig)
    i.TIM_OC4_SetConfig                      0x08003a1c   Section        0  stm32f1xx_hal_tim.o(i.TIM_OC4_SetConfig)
    TIM_OC4_SetConfig                        0x08003a1d   Thumb Code    64  stm32f1xx_hal_tim.o(i.TIM_OC4_SetConfig)
    i.TIM_TI1_ConfigInputStage               0x08003a60   Section        0  stm32f1xx_hal_tim.o(i.TIM_TI1_ConfigInputStage)
    TIM_TI1_ConfigInputStage                 0x08003a61   Thumb Code    34  stm32f1xx_hal_tim.o(i.TIM_TI1_ConfigInputStage)
    i.TIM_TI2_ConfigInputStage               0x08003a82   Section        0  stm32f1xx_hal_tim.o(i.TIM_TI2_ConfigInputStage)
    TIM_TI2_ConfigInputStage                 0x08003a83   Thumb Code    36  stm32f1xx_hal_tim.o(i.TIM_TI2_ConfigInputStage)
    i.UART_DMAAbortOnError                   0x08003aa6   Section        0  stm32f1xx_hal_uart.o(i.UART_DMAAbortOnError)
    UART_DMAAbortOnError                     0x08003aa7   Thumb Code    16  stm32f1xx_hal_uart.o(i.UART_DMAAbortOnError)
    i.UART_EndRxTransfer                     0x08003ab6   Section        0  stm32f1xx_hal_uart.o(i.UART_EndRxTransfer)
    UART_EndRxTransfer                       0x08003ab7   Thumb Code    48  stm32f1xx_hal_uart.o(i.UART_EndRxTransfer)
    i.UART_Receive_IT                        0x08003ae6   Section        0  stm32f1xx_hal_uart.o(i.UART_Receive_IT)
    UART_Receive_IT                          0x08003ae7   Thumb Code   182  stm32f1xx_hal_uart.o(i.UART_Receive_IT)
    i.UART_SetConfig                         0x08003b9c   Section        0  stm32f1xx_hal_uart.o(i.UART_SetConfig)
    UART_SetConfig                           0x08003b9d   Thumb Code   178  stm32f1xx_hal_uart.o(i.UART_SetConfig)
    i.UART_WaitOnFlagUntilTimeout            0x08003c54   Section        0  stm32f1xx_hal_uart.o(i.UART_WaitOnFlagUntilTimeout)
    UART_WaitOnFlagUntilTimeout              0x08003c55   Thumb Code   100  stm32f1xx_hal_uart.o(i.UART_WaitOnFlagUntilTimeout)
    i.USART2_IRQHandler                      0x08003cb8   Section        0  stm32f1xx_it.o(i.USART2_IRQHandler)
    i.UsageFault_Handler                     0x08003cc4   Section        0  stm32f1xx_it.o(i.UsageFault_Handler)
    i.Vertical                               0x08003cc8   Section        0  pid.o(i.Vertical)
    i.Write_IIC_Command                      0x08003e84   Section        0  oled.o(i.Write_IIC_Command)
    i.Write_IIC_Data                         0x08003ea0   Section        0  oled.o(i.Write_IIC_Data)
    i.__0sprintf                             0x08003ebc   Section        0  printfa.o(i.__0sprintf)
    i.__ARM_fpclassify                       0x08003ee4   Section        0  fpclassify.o(i.__ARM_fpclassify)
    i.__ARM_fpclassifyf                      0x08003f0c   Section        0  fpclassifyf.o(i.__ARM_fpclassifyf)
    i.__NVIC_SetPriority                     0x08003f32   Section        0  stm32f1xx_hal_cortex.o(i.__NVIC_SetPriority)
    __NVIC_SetPriority                       0x08003f33   Thumb Code    32  stm32f1xx_hal_cortex.o(i.__NVIC_SetPriority)
    i.__kernel_poly                          0x08003f52   Section        0  poly.o(i.__kernel_poly)
    i.__mathlib_dbl_infnan                   0x08003ffc   Section        0  dunder.o(i.__mathlib_dbl_infnan)
    i.__mathlib_dbl_infnan2                  0x08004002   Section        0  dunder.o(i.__mathlib_dbl_infnan2)
    i.__mathlib_dbl_invalid                  0x08004006   Section        0  dunder.o(i.__mathlib_dbl_invalid)
    i.__mathlib_dbl_underflow                0x08004014   Section        0  dunder.o(i.__mathlib_dbl_underflow)
    i.__mathlib_flt_infnan2                  0x08004024   Section        0  funder.o(i.__mathlib_flt_infnan2)
    i.__mathlib_flt_underflow                0x08004028   Section        0  funder.o(i.__mathlib_flt_underflow)
    i.__scatterload_copy                     0x08004032   Section       14  handlers.o(i.__scatterload_copy)
    i.__scatterload_null                     0x08004040   Section        2  handlers.o(i.__scatterload_null)
    i.__scatterload_zeroinit                 0x08004042   Section       14  handlers.o(i.__scatterload_zeroinit)
    i.__set_errno                            0x08004050   Section        0  errno.o(i.__set_errno)
    i._fp_digits                             0x0800405c   Section        0  printfa.o(i._fp_digits)
    _fp_digits                               0x0800405d   Thumb Code   366  printfa.o(i._fp_digits)
    i._printf_core                           0x080041e0   Section        0  printfa.o(i._printf_core)
    _printf_core                             0x080041e1   Thumb Code  1704  printfa.o(i._printf_core)
    i._printf_post_padding                   0x08004894   Section        0  printfa.o(i._printf_post_padding)
    _printf_post_padding                     0x08004895   Thumb Code    36  printfa.o(i._printf_post_padding)
    i._printf_pre_padding                    0x080048b8   Section        0  printfa.o(i._printf_pre_padding)
    _printf_pre_padding                      0x080048b9   Thumb Code    46  printfa.o(i._printf_pre_padding)
    i._sputc                                 0x080048e6   Section        0  printfa.o(i._sputc)
    _sputc                                   0x080048e7   Thumb Code    10  printfa.o(i._sputc)
    i.ano_report                             0x080048f0   Section        0  debug.o(i.ano_report)
    i.asin                                   0x08004960   Section        0  asin.o(i.asin)
    i.atan                                   0x08004bd0   Section        0  atan.o(i.atan)
    i.atan2                                  0x08004df0   Section        0  atan2.o(i.atan2)
    i.atan2f                                 0x08004f8c   Section        0  atan2f.o(i.atan2f)
    i.kalman_1                               0x08005230   Section        0  imu.o(i.kalman_1)
    i.main                                   0x08005284   Section        0  main.o(i.main)
    i.myReport_PWM                           0x08005384   Section        0  debug.o(i.myReport_PWM)
    i.sqrt                                   0x080053d6   Section        0  sqrt.o(i.sqrt)
    .constdata                               0x08005422   Section     2072  oled.o(.constdata)
    .constdata                               0x08005c3a   Section       16  system_stm32f1xx.o(.constdata)
    .constdata                               0x08005c4a   Section        8  system_stm32f1xx.o(.constdata)
    .constdata                               0x08005c58   Section       80  asin.o(.constdata)
    pS                                       0x08005c58   Data          48  asin.o(.constdata)
    qS                                       0x08005c88   Data          32  asin.o(.constdata)
    .constdata                               0x08005ca8   Section      152  atan.o(.constdata)
    atanhi                                   0x08005ca8   Data          32  atan.o(.constdata)
    atanlo                                   0x08005cc8   Data          32  atan.o(.constdata)
    aTodd                                    0x08005ce8   Data          40  atan.o(.constdata)
    aTeven                                   0x08005d10   Data          48  atan.o(.constdata)
    .constdata                               0x08005d40   Section        8  qnan.o(.constdata)
    .data                                    0x20000000   Section      100  imu.o(.data)
    KpDef                                    0x20000000   Data           4  imu.o(.data)
    KiDef                                    0x20000004   Data           4  imu.o(.data)
    NormAcc                                  0x20000008   Data           4  imu.o(.data)
    ekf                                      0x2000000c   Data          72  imu.o(.data)
    NumQ                                     0x20000054   Data          16  imu.o(.data)
    .data                                    0x20000064   Section        4  pid.o(.data)
    .data                                    0x20000068   Section        1  stm32f1xx_it.o(.data)
    cnt                                      0x20000068   Data           1  stm32f1xx_it.o(.data)
    .data                                    0x2000006c   Section       12  stm32f1xx_hal.o(.data)
    .data                                    0x20000078   Section        4  system_stm32f1xx.o(.data)
    .data                                    0x2000007c   Section        4  errno.o(.data)
    _errno                                   0x2000007c   Data           4  errno.o(.data)
    .bss                                     0x20000080   Section       24  imu.o(.bss)
    buff                                     0x20000080   Data          12  imu.o(.bss)
    GyroIntegError                           0x2000008c   Data          12  imu.o(.bss)
    .bss                                     0x20000098   Section       40  imu.o(.bss)
    .bss                                     0x200000c0   Section       32  motor.o(.bss)
    .bss                                     0x200000e0   Section       80  pid.o(.bss)
    .bss                                     0x20000130   Section       28  main.o(.bss)
    .bss                                     0x2000014c   Section      168  i2c.o(.bss)
    .bss                                     0x200001f4   Section      216  tim.o(.bss)
    .bss                                     0x200002cc   Section       68  usart.o(.bss)
    STACK                                    0x20000310   Section     4096  startup_stm32f103xb.o(STACK)

    Global Symbols

    Symbol Name                              Value     Ov Type        Size  Object(Section)

    BuildAttributes$$THM_ISAv4$P$D$K$B$S$PE$A:L22UL41UL21$X:L11$S22US41US21$IEEE1$IW$USESV6$~STKCKD$USESV7$~SHL$OTIME$ROPI$IEEEX$EBA8$MICROLIB$REQ8$PRES8$EABIv2 0x00000000   Number         0  anon$$obj.o ABSOLUTE
    __ARM_use_no_argv                        0x00000000   Number         0  main.o ABSOLUTE
    _printf_a                                0x00000000   Number         0  stubs.o ABSOLUTE
    _printf_c                                0x00000000   Number         0  stubs.o ABSOLUTE
    _printf_charcount                        0x00000000   Number         0  stubs.o ABSOLUTE
    _printf_d                                0x00000000   Number         0  stubs.o ABSOLUTE
    _printf_e                                0x00000000   Number         0  stubs.o ABSOLUTE
    _printf_f                                0x00000000   Number         0  stubs.o ABSOLUTE
    _printf_flags                            0x00000000   Number         0  stubs.o ABSOLUTE
    _printf_fp_dec                           0x00000000   Number         0  stubs.o ABSOLUTE
    _printf_fp_hex                           0x00000000   Number         0  stubs.o ABSOLUTE
    _printf_g                                0x00000000   Number         0  stubs.o ABSOLUTE
    _printf_i                                0x00000000   Number         0  stubs.o ABSOLUTE
    _printf_int_dec                          0x00000000   Number         0  stubs.o ABSOLUTE
    _printf_l                                0x00000000   Number         0  stubs.o ABSOLUTE
    _printf_lc                               0x00000000   Number         0  stubs.o ABSOLUTE
    _printf_ll                               0x00000000   Number         0  stubs.o ABSOLUTE
    _printf_lld                              0x00000000   Number         0  stubs.o ABSOLUTE
    _printf_lli                              0x00000000   Number         0  stubs.o ABSOLUTE
    _printf_llo                              0x00000000   Number         0  stubs.o ABSOLUTE
    _printf_llu                              0x00000000   Number         0  stubs.o ABSOLUTE
    _printf_llx                              0x00000000   Number         0  stubs.o ABSOLUTE
    _printf_longlong_dec                     0x00000000   Number         0  stubs.o ABSOLUTE
    _printf_longlong_hex                     0x00000000   Number         0  stubs.o ABSOLUTE
    _printf_longlong_oct                     0x00000000   Number         0  stubs.o ABSOLUTE
    _printf_ls                               0x00000000   Number         0  stubs.o ABSOLUTE
    _printf_mbtowc                           0x00000000   Number         0  stubs.o ABSOLUTE
    _printf_n                                0x00000000   Number         0  stubs.o ABSOLUTE
    _printf_o                                0x00000000   Number         0  stubs.o ABSOLUTE
    _printf_p                                0x00000000   Number         0  stubs.o ABSOLUTE
    _printf_percent                          0x00000000   Number         0  stubs.o ABSOLUTE
    _printf_pre_padding                      0x00000000   Number         0  stubs.o ABSOLUTE
    _printf_return_value                     0x00000000   Number         0  stubs.o ABSOLUTE
    _printf_s                                0x00000000   Number         0  stubs.o ABSOLUTE
    _printf_sizespec                         0x00000000   Number         0  stubs.o ABSOLUTE
    _printf_str                              0x00000000   Number         0  stubs.o ABSOLUTE
    _printf_truncate_signed                  0x00000000   Number         0  stubs.o ABSOLUTE
    _printf_truncate_unsigned                0x00000000   Number         0  stubs.o ABSOLUTE
    _printf_u                                0x00000000   Number         0  stubs.o ABSOLUTE
    _printf_wc                               0x00000000   Number         0  stubs.o ABSOLUTE
    _printf_wctomb                           0x00000000   Number         0  stubs.o ABSOLUTE
    _printf_widthprec                        0x00000000   Number         0  stubs.o ABSOLUTE
    _printf_x                                0x00000000   Number         0  stubs.o ABSOLUTE
    __arm_fini_                               - Undefined Weak Reference
    __cpp_initialize__aeabi_                  - Undefined Weak Reference
    __cxa_finalize                            - Undefined Weak Reference
    __decompress                              - Undefined Weak Reference
    _clock_init                               - Undefined Weak Reference
    _microlib_exit                            - Undefined Weak Reference
    __Vectors_Size                           0x000000ec   Number         0  startup_stm32f103xb.o ABSOLUTE
    __Vectors                                0x08000000   Data           4  startup_stm32f103xb.o(RESET)
    __Vectors_End                            0x080000ec   Data           0  startup_stm32f103xb.o(RESET)
    __main                                   0x080000ed   Thumb Code     0  entry.o(.ARM.Collect$$$$00000000)
    _main_stk                                0x080000ed   Thumb Code     0  entry2.o(.ARM.Collect$$$$00000001)
    _main_scatterload                        0x080000f1   Thumb Code     0  entry5.o(.ARM.Collect$$$$00000004)
    __main_after_scatterload                 0x080000f5   Thumb Code     0  entry5.o(.ARM.Collect$$$$00000004)
    _main_clock                              0x080000f5   Thumb Code     0  entry7b.o(.ARM.Collect$$$$00000008)
    _main_cpp_init                           0x080000f5   Thumb Code     0  entry8b.o(.ARM.Collect$$$$0000000A)
    _main_init                               0x080000f5   Thumb Code     0  entry9a.o(.ARM.Collect$$$$0000000B)
    __rt_lib_shutdown_fini                   0x080000fd   Thumb Code     0  entry12b.o(.ARM.Collect$$$$0000000E)
    __rt_final_cpp                           0x08000101   Thumb Code     0  entry10a.o(.ARM.Collect$$$$0000000F)
    __rt_final_exit                          0x08000101   Thumb Code     0  entry11a.o(.ARM.Collect$$$$00000011)
    Reset_Handler                            0x08000105   Thumb Code     8  startup_stm32f103xb.o(.text)
    ADC1_2_IRQHandler                        0x0800011f   Thumb Code     0  startup_stm32f103xb.o(.text)
    CAN1_RX1_IRQHandler                      0x0800011f   Thumb Code     0  startup_stm32f103xb.o(.text)
    CAN1_SCE_IRQHandler                      0x0800011f   Thumb Code     0  startup_stm32f103xb.o(.text)
    DMA1_Channel1_IRQHandler                 0x0800011f   Thumb Code     0  startup_stm32f103xb.o(.text)
    DMA1_Channel2_IRQHandler                 0x0800011f   Thumb Code     0  startup_stm32f103xb.o(.text)
    DMA1_Channel3_IRQHandler                 0x0800011f   Thumb Code     0  startup_stm32f103xb.o(.text)
    DMA1_Channel4_IRQHandler                 0x0800011f   Thumb Code     0  startup_stm32f103xb.o(.text)
    DMA1_Channel5_IRQHandler                 0x0800011f   Thumb Code     0  startup_stm32f103xb.o(.text)
    DMA1_Channel6_IRQHandler                 0x0800011f   Thumb Code     0  startup_stm32f103xb.o(.text)
    DMA1_Channel7_IRQHandler                 0x0800011f   Thumb Code     0  startup_stm32f103xb.o(.text)
    EXTI0_IRQHandler                         0x0800011f   Thumb Code     0  startup_stm32f103xb.o(.text)
    EXTI15_10_IRQHandler                     0x0800011f   Thumb Code     0  startup_stm32f103xb.o(.text)
    EXTI1_IRQHandler                         0x0800011f   Thumb Code     0  startup_stm32f103xb.o(.text)
    EXTI2_IRQHandler                         0x0800011f   Thumb Code     0  startup_stm32f103xb.o(.text)
    EXTI3_IRQHandler                         0x0800011f   Thumb Code     0  startup_stm32f103xb.o(.text)
    EXTI4_IRQHandler                         0x0800011f   Thumb Code     0  startup_stm32f103xb.o(.text)
    EXTI9_5_IRQHandler                       0x0800011f   Thumb Code     0  startup_stm32f103xb.o(.text)
    FLASH_IRQHandler                         0x0800011f   Thumb Code     0  startup_stm32f103xb.o(.text)
    I2C1_ER_IRQHandler                       0x0800011f   Thumb Code     0  startup_stm32f103xb.o(.text)
    I2C1_EV_IRQHandler                       0x0800011f   Thumb Code     0  startup_stm32f103xb.o(.text)
    I2C2_ER_IRQHandler                       0x0800011f   Thumb Code     0  startup_stm32f103xb.o(.text)
    I2C2_EV_IRQHandler                       0x0800011f   Thumb Code     0  startup_stm32f103xb.o(.text)
    PVD_IRQHandler                           0x0800011f   Thumb Code     0  startup_stm32f103xb.o(.text)
    RCC_IRQHandler                           0x0800011f   Thumb Code     0  startup_stm32f103xb.o(.text)
    RTC_Alarm_IRQHandler                     0x0800011f   Thumb Code     0  startup_stm32f103xb.o(.text)
    RTC_IRQHandler                           0x0800011f   Thumb Code     0  startup_stm32f103xb.o(.text)
    SPI1_IRQHandler                          0x0800011f   Thumb Code     0  startup_stm32f103xb.o(.text)
    SPI2_IRQHandler                          0x0800011f   Thumb Code     0  startup_stm32f103xb.o(.text)
    TAMPER_IRQHandler                        0x0800011f   Thumb Code     0  startup_stm32f103xb.o(.text)
    TIM1_BRK_IRQHandler                      0x0800011f   Thumb Code     0  startup_stm32f103xb.o(.text)
    TIM1_CC_IRQHandler                       0x0800011f   Thumb Code     0  startup_stm32f103xb.o(.text)
    TIM1_TRG_COM_IRQHandler                  0x0800011f   Thumb Code     0  startup_stm32f103xb.o(.text)
    TIM1_UP_IRQHandler                       0x0800011f   Thumb Code     0  startup_stm32f103xb.o(.text)
    TIM2_IRQHandler                          0x0800011f   Thumb Code     0  startup_stm32f103xb.o(.text)
    TIM4_IRQHandler                          0x0800011f   Thumb Code     0  startup_stm32f103xb.o(.text)
    USART1_IRQHandler                        0x0800011f   Thumb Code     0  startup_stm32f103xb.o(.text)
    USART3_IRQHandler                        0x0800011f   Thumb Code     0  startup_stm32f103xb.o(.text)
    USBWakeUp_IRQHandler                     0x0800011f   Thumb Code     0  startup_stm32f103xb.o(.text)
    USB_HP_CAN1_TX_IRQHandler                0x0800011f   Thumb Code     0  startup_stm32f103xb.o(.text)
    USB_LP_CAN1_RX0_IRQHandler               0x0800011f   Thumb Code     0  startup_stm32f103xb.o(.text)
    WWDG_IRQHandler                          0x0800011f   Thumb Code     0  startup_stm32f103xb.o(.text)
    __aeabi_llsr                             0x08000129   Thumb Code    32  llushr.o(.text)
    _ll_ushift_r                             0x08000129   Thumb Code     0  llushr.o(.text)
    __aeabi_memset                           0x08000149   Thumb Code    14  memseta.o(.text)
    __aeabi_memset4                          0x08000149   Thumb Code     0  memseta.o(.text)
    __aeabi_memset8                          0x08000149   Thumb Code     0  memseta.o(.text)
    __aeabi_memclr                           0x08000157   Thumb Code     4  memseta.o(.text)
    __aeabi_memclr4                          0x08000157   Thumb Code     0  memseta.o(.text)
    __aeabi_memclr8                          0x08000157   Thumb Code     0  memseta.o(.text)
    _memset$wrapper                          0x0800015b   Thumb Code    18  memseta.o(.text)
    __aeabi_fadd                             0x0800016d   Thumb Code   164  fadd.o(.text)
    __aeabi_fsub                             0x08000211   Thumb Code     6  fadd.o(.text)
    __aeabi_frsub                            0x08000217   Thumb Code     6  fadd.o(.text)
    __aeabi_fmul                             0x0800021d   Thumb Code   100  fmul.o(.text)
    __aeabi_fdiv                             0x08000281   Thumb Code   124  fdiv.o(.text)
    __ARM_scalbnf                            0x080002fd   Thumb Code    24  fscalb.o(.text)
    scalbnf                                  0x080002fd   Thumb Code     0  fscalb.o(.text)
    __aeabi_dadd                             0x08000315   Thumb Code   322  dadd.o(.text)
    __aeabi_dsub                             0x08000457   Thumb Code     6  dadd.o(.text)
    __aeabi_drsub                            0x0800045d   Thumb Code     6  dadd.o(.text)
    __aeabi_dmul                             0x08000463   Thumb Code   228  dmul.o(.text)
    __aeabi_ddiv                             0x08000547   Thumb Code   222  ddiv.o(.text)
    __aeabi_i2f                              0x08000625   Thumb Code    18  fflti.o(.text)
    __aeabi_ui2f                             0x08000637   Thumb Code    10  ffltui.o(.text)
    __aeabi_f2iz                             0x08000641   Thumb Code    50  ffixi.o(.text)
    __aeabi_f2uiz                            0x08000673   Thumb Code    40  ffixui.o(.text)
    __aeabi_d2iz                             0x0800069b   Thumb Code    62  dfixi.o(.text)
    __aeabi_f2d                              0x080006d9   Thumb Code    38  f2d.o(.text)
    __aeabi_d2f                              0x080006ff   Thumb Code    56  d2f.o(.text)
    __aeabi_uidiv                            0x08000737   Thumb Code     0  uidiv.o(.text)
    __aeabi_uidivmod                         0x08000737   Thumb Code    44  uidiv.o(.text)
    __aeabi_uldivmod                         0x08000763   Thumb Code    98  uldiv.o(.text)
    __aeabi_llsl                             0x080007c5   Thumb Code    30  llshl.o(.text)
    _ll_shift_l                              0x080007c5   Thumb Code     0  llshl.o(.text)
    __aeabi_lasr                             0x080007e3   Thumb Code    36  llsshr.o(.text)
    _ll_sshift_r                             0x080007e3   Thumb Code     0  llsshr.o(.text)
    __I$use$fp                               0x08000807   Thumb Code     0  iusefp.o(.text)
    _float_round                             0x08000807   Thumb Code    18  fepilogue.o(.text)
    _float_epilogue                          0x08000819   Thumb Code    92  fepilogue.o(.text)
    _double_round                            0x08000875   Thumb Code    30  depilogue.o(.text)
    _double_epilogue                         0x08000893   Thumb Code   156  depilogue.o(.text)
    __ARM_scalbn                             0x0800092f   Thumb Code    46  dscalb.o(.text)
    scalbn                                   0x0800092f   Thumb Code     0  dscalb.o(.text)
    __aeabi_d2ulz                            0x0800095d   Thumb Code    48  dfixul.o(.text)
    __aeabi_cdcmpeq                          0x0800098d   Thumb Code     0  cdcmple.o(.text)
    __aeabi_cdcmple                          0x0800098d   Thumb Code    48  cdcmple.o(.text)
    __aeabi_cdrcmple                         0x080009bd   Thumb Code    48  cdrcmple.o(.text)
    __scatterload                            0x080009ed   Thumb Code    28  init.o(.text)
    __scatterload_rt2                        0x080009ed   Thumb Code     0  init.o(.text)
    _dsqrt                                   0x08000a11   Thumb Code   162  dsqrt.o(.text)
    BusFault_Handler                         0x08000ab3   Thumb Code     2  stm32f1xx_it.o(i.BusFault_Handler)
    DebugMon_Handler                         0x08000ab5   Thumb Code     2  stm32f1xx_it.o(i.DebugMon_Handler)
    Error_Handler                            0x08000ab7   Thumb Code     4  main.o(i.Error_Handler)
    HAL_DMA_Abort                            0x08000abb   Thumb Code    70  stm32f1xx_hal_dma.o(i.HAL_DMA_Abort)
    HAL_DMA_Abort_IT                         0x08000b01   Thumb Code   148  stm32f1xx_hal_dma.o(i.HAL_DMA_Abort_IT)
    HAL_Delay                                0x08000b99   Thumb Code    32  stm32f1xx_hal.o(i.HAL_Delay)
    HAL_GPIO_Init                            0x08000bbd   Thumb Code   446  stm32f1xx_hal_gpio.o(i.HAL_GPIO_Init)
    HAL_GPIO_TogglePin                       0x08000d9d   Thumb Code    16  stm32f1xx_hal_gpio.o(i.HAL_GPIO_TogglePin)
    HAL_GPIO_WritePin                        0x08000dad   Thumb Code    10  stm32f1xx_hal_gpio.o(i.HAL_GPIO_WritePin)
    HAL_GetTick                              0x08000db9   Thumb Code     6  stm32f1xx_hal.o(i.HAL_GetTick)
    HAL_I2C_Init                             0x08000dc5   Thumb Code   376  stm32f1xx_hal_i2c.o(i.HAL_I2C_Init)
    HAL_I2C_Mem_Read                         0x08000f4d   Thumb Code   574  stm32f1xx_hal_i2c.o(i.HAL_I2C_Mem_Read)
    HAL_I2C_Mem_Write                        0x0800119d   Thumb Code   294  stm32f1xx_hal_i2c.o(i.HAL_I2C_Mem_Write)
    HAL_I2C_MspInit                          0x080012cd   Thumb Code   148  i2c.o(i.HAL_I2C_MspInit)
    HAL_IncTick                              0x08001375   Thumb Code    12  stm32f1xx_hal.o(i.HAL_IncTick)
    HAL_Init                                 0x08001385   Thumb Code    32  stm32f1xx_hal.o(i.HAL_Init)
    HAL_InitTick                             0x080013a9   Thumb Code    54  stm32f1xx_hal.o(i.HAL_InitTick)
    HAL_MspInit                              0x080013e9   Thumb Code    52  stm32f1xx_hal_msp.o(i.HAL_MspInit)
    HAL_NVIC_EnableIRQ                       0x08001425   Thumb Code    26  stm32f1xx_hal_cortex.o(i.HAL_NVIC_EnableIRQ)
    HAL_NVIC_SetPriority                     0x08001441   Thumb Code    60  stm32f1xx_hal_cortex.o(i.HAL_NVIC_SetPriority)
    HAL_NVIC_SetPriorityGrouping             0x08001481   Thumb Code    26  stm32f1xx_hal_cortex.o(i.HAL_NVIC_SetPriorityGrouping)
    HAL_RCC_ClockConfig                      0x080014a5   Thumb Code   280  stm32f1xx_hal_rcc.o(i.HAL_RCC_ClockConfig)
    HAL_RCC_GetPCLK1Freq                     0x080015d1   Thumb Code    20  stm32f1xx_hal_rcc.o(i.HAL_RCC_GetPCLK1Freq)
    HAL_RCC_GetPCLK2Freq                     0x080015f1   Thumb Code    20  stm32f1xx_hal_rcc.o(i.HAL_RCC_GetPCLK2Freq)
    HAL_RCC_GetSysClockFreq                  0x08001611   Thumb Code    74  stm32f1xx_hal_rcc.o(i.HAL_RCC_GetSysClockFreq)
    HAL_RCC_OscConfig                        0x0800167d   Thumb Code   778  stm32f1xx_hal_rcc.o(i.HAL_RCC_OscConfig)
    HAL_SYSTICK_Config                       0x0800199d   Thumb Code    40  stm32f1xx_hal_cortex.o(i.HAL_SYSTICK_Config)
    HAL_TIMEx_BreakCallback                  0x080019c5   Thumb Code     2  stm32f1xx_hal_tim_ex.o(i.HAL_TIMEx_BreakCallback)
    HAL_TIMEx_CommutCallback                 0x080019c7   Thumb Code     2  stm32f1xx_hal_tim_ex.o(i.HAL_TIMEx_CommutCallback)
    HAL_TIMEx_MasterConfigSynchronization    0x080019c9   Thumb Code    92  stm32f1xx_hal_tim_ex.o(i.HAL_TIMEx_MasterConfigSynchronization)
    HAL_TIM_Base_Init                        0x08001a31   Thumb Code    90  stm32f1xx_hal_tim.o(i.HAL_TIM_Base_Init)
    HAL_TIM_Base_MspInit                     0x08001a8d   Thumb Code    50  tim.o(i.HAL_TIM_Base_MspInit)
    HAL_TIM_Base_Start_IT                    0x08001ac9   Thumb Code    76  stm32f1xx_hal_tim.o(i.HAL_TIM_Base_Start_IT)
    HAL_TIM_ConfigClockSource                0x08001b21   Thumb Code   214  stm32f1xx_hal_tim.o(i.HAL_TIM_ConfigClockSource)
    HAL_TIM_Encoder_Init                     0x08001bf7   Thumb Code   164  stm32f1xx_hal_tim.o(i.HAL_TIM_Encoder_Init)
    HAL_TIM_Encoder_MspInit                  0x08001c9d   Thumb Code   116  tim.o(i.HAL_TIM_Encoder_MspInit)
    HAL_TIM_Encoder_Start                    0x08001d1d   Thumb Code   142  stm32f1xx_hal_tim.o(i.HAL_TIM_Encoder_Start)
    HAL_TIM_IC_CaptureCallback               0x08001dab   Thumb Code     2  stm32f1xx_hal_tim.o(i.HAL_TIM_IC_CaptureCallback)
    HAL_TIM_IRQHandler                       0x08001dad   Thumb Code   358  stm32f1xx_hal_tim.o(i.HAL_TIM_IRQHandler)
    HAL_TIM_MspPostInit                      0x08001f15   Thumb Code    64  tim.o(i.HAL_TIM_MspPostInit)
    HAL_TIM_OC_DelayElapsedCallback          0x08001f61   Thumb Code     2  stm32f1xx_hal_tim.o(i.HAL_TIM_OC_DelayElapsedCallback)
    HAL_TIM_PWM_ConfigChannel                0x08001f63   Thumb Code   198  stm32f1xx_hal_tim.o(i.HAL_TIM_PWM_ConfigChannel)
    HAL_TIM_PWM_Init                         0x08002029   Thumb Code    90  stm32f1xx_hal_tim.o(i.HAL_TIM_PWM_Init)
    HAL_TIM_PWM_MspInit                      0x08002083   Thumb Code     2  stm32f1xx_hal_tim.o(i.HAL_TIM_PWM_MspInit)
    HAL_TIM_PWM_PulseFinishedCallback        0x08002085   Thumb Code     2  stm32f1xx_hal_tim.o(i.HAL_TIM_PWM_PulseFinishedCallback)
    HAL_TIM_PWM_Start                        0x08002089   Thumb Code   144  stm32f1xx_hal_tim.o(i.HAL_TIM_PWM_Start)
    HAL_TIM_PeriodElapsedCallback            0x08002125   Thumb Code   140  stm32f1xx_it.o(i.HAL_TIM_PeriodElapsedCallback)
    HAL_TIM_TriggerCallback                  0x080021d9   Thumb Code     2  stm32f1xx_hal_tim.o(i.HAL_TIM_TriggerCallback)
    HAL_UARTEx_RxEventCallback               0x080021db   Thumb Code     2  stm32f1xx_hal_uart.o(i.HAL_UARTEx_RxEventCallback)
    HAL_UART_ErrorCallback                   0x080021dd   Thumb Code     2  stm32f1xx_hal_uart.o(i.HAL_UART_ErrorCallback)
    HAL_UART_IRQHandler                      0x080021e1   Thumb Code   520  stm32f1xx_hal_uart.o(i.HAL_UART_IRQHandler)
    HAL_UART_Init                            0x080023ed   Thumb Code    98  stm32f1xx_hal_uart.o(i.HAL_UART_Init)
    HAL_UART_MspInit                         0x08002451   Thumb Code   114  usart.o(i.HAL_UART_MspInit)
    HAL_UART_RxCpltCallback                  0x080024d1   Thumb Code     2  stm32f1xx_hal_uart.o(i.HAL_UART_RxCpltCallback)
    HAL_UART_Transmit                        0x080024d5   Thumb Code   178  stm32f1xx_hal_uart.o(i.HAL_UART_Transmit)
    HAL_UART_TxCpltCallback                  0x08002587   Thumb Code     2  stm32f1xx_hal_uart.o(i.HAL_UART_TxCpltCallback)
    HardFault_Handler                        0x08002589   Thumb Code     2  stm32f1xx_it.o(i.HardFault_Handler)
    IMU_get_euler                            0x08002959   Thumb Code  1160  imu.o(i.IMU_get_euler)
    IMU_get_origion_data                     0x08002df9   Thumb Code   324  imu.o(i.IMU_get_origion_data)
    MPU_Init                                 0x08002f4d   Thumb Code   120  mpu6050.o(i.MPU_Init)
    MPU_Read_Byte                            0x08002fc5   Thumb Code    32  mpu6050.o(i.MPU_Read_Byte)
    MPU_Read_Len                             0x08002fe9   Thumb Code    26  mpu6050.o(i.MPU_Read_Len)
    MPU_Set_Accel_Fsr                        0x08003009   Thumb Code    10  mpu6050.o(i.MPU_Set_Accel_Fsr)
    MPU_Set_Gyro_Fsr                         0x08003013   Thumb Code    10  mpu6050.o(i.MPU_Set_Gyro_Fsr)
    MPU_Set_LPF                              0x0800301d   Thumb Code    48  mpu6050.o(i.MPU_Set_LPF)
    MPU_Set_Rate                             0x0800304d   Thumb Code    46  mpu6050.o(i.MPU_Set_Rate)
    MPU_Write_Byte                           0x0800307d   Thumb Code    32  mpu6050.o(i.MPU_Write_Byte)
    MX_GPIO_Init                             0x080030a1   Thumb Code   162  gpio.o(i.MX_GPIO_Init)
    MX_I2C1_Init                             0x08003151   Thumb Code    50  i2c.o(i.MX_I2C1_Init)
    MX_I2C2_Init                             0x08003191   Thumb Code    50  i2c.o(i.MX_I2C2_Init)
    MX_TIM1_Init                             0x080031d1   Thumb Code   100  tim.o(i.MX_TIM1_Init)
    MX_TIM2_Init                             0x0800323d   Thumb Code   100  tim.o(i.MX_TIM2_Init)
    MX_TIM3_Init                             0x080032a5   Thumb Code   162  tim.o(i.MX_TIM3_Init)
    MX_USART2_UART_Init                      0x08003351   Thumb Code    48  usart.o(i.MX_USART2_UART_Init)
    MemManage_Handler                        0x08003389   Thumb Code     2  stm32f1xx_it.o(i.MemManage_Handler)
    Motor_Init                               0x0800338d   Thumb Code   134  motor.o(i.Motor_Init)
    Motor_go                                 0x08003429   Thumb Code    82  motor.o(i.Motor_go)
    NMI_Handler                              0x08003481   Thumb Code     2  stm32f1xx_it.o(i.NMI_Handler)
    OLED_Clear                               0x08003483   Thumb Code    60  oled.o(i.OLED_Clear)
    OLED_DrawLine                            0x080034bf   Thumb Code   188  oled.o(i.OLED_DrawLine)
    OLED_DrawPoint                           0x0800357b   Thumb Code    30  oled.o(i.OLED_DrawPoint)
    OLED_Init                                0x08003599   Thumb Code   222  oled.o(i.OLED_Init)
    OLED_Set_Pos                             0x08003677   Thumb Code    44  oled.o(i.OLED_Set_Pos)
    OLED_ShowChar                            0x080036a5   Thumb Code   128  oled.o(i.OLED_ShowChar)
    OLED_ShowString                          0x0800372d   Thumb Code    54  oled.o(i.OLED_ShowString)
    OLED_WR_Byte                             0x08003763   Thumb Code    24  oled.o(i.OLED_WR_Byte)
    PID_Init                                 0x0800377d   Thumb Code    58  pid.o(i.PID_Init)
    PendSV_Handler                           0x080037c1   Thumb Code     2  stm32f1xx_it.o(i.PendSV_Handler)
    Q_rsqrt                                  0x080037c5   Thumb Code    50  imu.o(i.Q_rsqrt)
    SVC_Handler                              0x080037fd   Thumb Code     2  stm32f1xx_it.o(i.SVC_Handler)
    SysTick_Handler                          0x080037ff   Thumb Code     4  stm32f1xx_it.o(i.SysTick_Handler)
    SystemClock_Config                       0x08003803   Thumb Code    94  main.o(i.SystemClock_Config)
    SystemInit                               0x08003861   Thumb Code     2  system_stm32f1xx.o(i.SystemInit)
    TIM3_IRQHandler                          0x08003865   Thumb Code     6  stm32f1xx_it.o(i.TIM3_IRQHandler)
    TIM_Base_SetConfig                       0x08003871   Thumb Code    94  stm32f1xx_hal_tim.o(i.TIM_Base_SetConfig)
    TIM_CCxChannelCmd                        0x080038dd   Thumb Code    26  stm32f1xx_hal_tim.o(i.TIM_CCxChannelCmd)
    TIM_ETR_SetConfig                        0x080038f7   Thumb Code    20  stm32f1xx_hal_tim.o(i.TIM_ETR_SetConfig)
    TIM_OC2_SetConfig                        0x0800396d   Thumb Code    84  stm32f1xx_hal_tim.o(i.TIM_OC2_SetConfig)
    USART2_IRQHandler                        0x08003cb9   Thumb Code     6  stm32f1xx_it.o(i.USART2_IRQHandler)
    UsageFault_Handler                       0x08003cc5   Thumb Code     2  stm32f1xx_it.o(i.UsageFault_Handler)
    Vertical                                 0x08003cc9   Thumb Code   404  pid.o(i.Vertical)
    Write_IIC_Command                        0x08003e85   Thumb Code    24  oled.o(i.Write_IIC_Command)
    Write_IIC_Data                           0x08003ea1   Thumb Code    24  oled.o(i.Write_IIC_Data)
    __0sprintf                               0x08003ebd   Thumb Code    34  printfa.o(i.__0sprintf)
    __1sprintf                               0x08003ebd   Thumb Code     0  printfa.o(i.__0sprintf)
    __2sprintf                               0x08003ebd   Thumb Code     0  printfa.o(i.__0sprintf)
    __c89sprintf                             0x08003ebd   Thumb Code     0  printfa.o(i.__0sprintf)
    sprintf                                  0x08003ebd   Thumb Code     0  printfa.o(i.__0sprintf)
    __ARM_fpclassify                         0x08003ee5   Thumb Code    40  fpclassify.o(i.__ARM_fpclassify)
    __ARM_fpclassifyf                        0x08003f0d   Thumb Code    38  fpclassifyf.o(i.__ARM_fpclassifyf)
    __kernel_poly                            0x08003f53   Thumb Code   170  poly.o(i.__kernel_poly)
    __mathlib_dbl_infnan                     0x08003ffd   Thumb Code     6  dunder.o(i.__mathlib_dbl_infnan)
    __mathlib_dbl_infnan2                    0x08004003   Thumb Code     4  dunder.o(i.__mathlib_dbl_infnan2)
    __mathlib_dbl_invalid                    0x08004007   Thumb Code    12  dunder.o(i.__mathlib_dbl_invalid)
    __mathlib_dbl_underflow                  0x08004015   Thumb Code    10  dunder.o(i.__mathlib_dbl_underflow)
    __mathlib_flt_infnan2                    0x08004025   Thumb Code     4  funder.o(i.__mathlib_flt_infnan2)
    __mathlib_flt_underflow                  0x08004029   Thumb Code    10  funder.o(i.__mathlib_flt_underflow)
    __scatterload_copy                       0x08004033   Thumb Code    14  handlers.o(i.__scatterload_copy)
    __scatterload_null                       0x08004041   Thumb Code     2  handlers.o(i.__scatterload_null)
    __scatterload_zeroinit                   0x08004043   Thumb Code    14  handlers.o(i.__scatterload_zeroinit)
    __set_errno                              0x08004051   Thumb Code     6  errno.o(i.__set_errno)
    ano_report                               0x080048f1   Thumb Code   106  debug.o(i.ano_report)
    asin                                     0x08004961   Thumb Code   572  asin.o(i.asin)
    atan                                     0x08004bd1   Thumb Code   474  atan.o(i.atan)
    atan2                                    0x08004df1   Thumb Code   374  atan2.o(i.atan2)
    atan2f                                   0x08004f8d   Thumb Code   598  atan2f.o(i.atan2f)
    kalman_1                                 0x08005231   Thumb Code    84  imu.o(i.kalman_1)
    main                                     0x08005285   Thumb Code   206  main.o(i.main)
    myReport_PWM                             0x08005385   Thumb Code    82  debug.o(i.myReport_PWM)
    sqrt                                     0x080053d7   Thumb Code    76  sqrt.o(i.sqrt)
    F6x8                                     0x08005422   Data         552  oled.o(.constdata)
    F8X16                                    0x0800564a   Data        1520  oled.o(.constdata)
    AHBPrescTable                            0x08005c3a   Data          16  system_stm32f1xx.o(.constdata)
    APBPrescTable                            0x08005c4a   Data           8  system_stm32f1xx.o(.constdata)
    __mathlib_zero                           0x08005d40   Data           8  qnan.o(.constdata)
    Region$$Table$$Base                      0x08005d48   Number         0  anon$$obj.o(Region$$Table)
    Region$$Table$$Limit                     0x08005d68   Number         0  anon$$obj.o(Region$$Table)
    output                                   0x20000064   Data           4  pid.o(.data)
    uwTickFreq                               0x2000006c   Data           1  stm32f1xx_hal.o(.data)
    uwTickPrio                               0x20000070   Data           4  stm32f1xx_hal.o(.data)
    uwTick                                   0x20000074   Data           4  stm32f1xx_hal.o(.data)
    SystemCoreClock                          0x20000078   Data           4  system_stm32f1xx.o(.data)
    dev                                      0x20000098   Data          40  imu.o(.bss)
    m1                                       0x200000c0   Data          16  motor.o(.bss)
    m2                                       0x200000d0   Data          16  motor.o(.bss)
    pid_p                                    0x200000e0   Data          40  pid.o(.bss)
    pid_v                                    0x20000108   Data          40  pid.o(.bss)
    str                                      0x20000130   Data          28  main.o(.bss)
    hi2c1                                    0x2000014c   Data          84  i2c.o(.bss)
    hi2c2                                    0x200001a0   Data          84  i2c.o(.bss)
    htim1                                    0x200001f4   Data          72  tim.o(.bss)
    htim2                                    0x2000023c   Data          72  tim.o(.bss)
    htim3                                    0x20000284   Data          72  tim.o(.bss)
    huart2                                   0x200002cc   Data          68  usart.o(.bss)
    __initial_sp                             0x20001310   Data           0  startup_stm32f103xb.o(STACK)



==============================================================================

Memory Map of the image

  Image Entry point : 0x080000ed

  Load Region LR_IROM1 (Base: 0x08000000, Size: 0x00005de8, Max: 0x00010000, ABSOLUTE)

    Execution Region ER_IROM1 (Exec base: 0x08000000, Load base: 0x08000000, Size: 0x00005d68, Max: 0x00010000, ABSOLUTE)

    Exec Addr    Load Addr    Size         Type   Attr      Idx    E Section Name        Object

    0x08000000   0x08000000   0x000000ec   Data   RO            3    RESET               startup_stm32f103xb.o
    0x080000ec   0x080000ec   0x00000000   Code   RO         3803  * .ARM.Collect$$$$00000000  mc_w.l(entry.o)
    0x080000ec   0x080000ec   0x00000004   Code   RO         4154    .ARM.Collect$$$$00000001  mc_w.l(entry2.o)
    0x080000f0   0x080000f0   0x00000004   Code   RO         4157    .ARM.Collect$$$$00000004  mc_w.l(entry5.o)
    0x080000f4   0x080000f4   0x00000000   Code   RO         4159    .ARM.Collect$$$$00000008  mc_w.l(entry7b.o)
    0x080000f4   0x080000f4   0x00000000   Code   RO         4161    .ARM.Collect$$$$0000000A  mc_w.l(entry8b.o)
    0x080000f4   0x080000f4   0x00000008   Code   RO         4162    .ARM.Collect$$$$0000000B  mc_w.l(entry9a.o)
    0x080000fc   0x080000fc   0x00000004   Code   RO         4169    .ARM.Collect$$$$0000000E  mc_w.l(entry12b.o)
    0x08000100   0x08000100   0x00000000   Code   RO         4164    .ARM.Collect$$$$0000000F  mc_w.l(entry10a.o)
    0x08000100   0x08000100   0x00000000   Code   RO         4166    .ARM.Collect$$$$00000011  mc_w.l(entry11a.o)
    0x08000100   0x08000100   0x00000004   Code   RO         4155    .ARM.Collect$$$$00002712  mc_w.l(entry2.o)
    0x08000104   0x08000104   0x00000024   Code   RO            4    .text               startup_stm32f103xb.o
    0x08000128   0x08000128   0x00000020   Code   RO         3806    .text               mc_w.l(llushr.o)
    0x08000148   0x08000148   0x00000024   Code   RO         3808    .text               mc_w.l(memseta.o)
    0x0800016c   0x0800016c   0x000000b0   Code   RO         4071    .text               mf_w.l(fadd.o)
    0x0800021c   0x0800021c   0x00000064   Code   RO         4073    .text               mf_w.l(fmul.o)
    0x08000280   0x08000280   0x0000007c   Code   RO         4075    .text               mf_w.l(fdiv.o)
    0x080002fc   0x080002fc   0x00000018   Code   RO         4077    .text               mf_w.l(fscalb.o)
    0x08000314   0x08000314   0x0000014e   Code   RO         4079    .text               mf_w.l(dadd.o)
    0x08000462   0x08000462   0x000000e4   Code   RO         4081    .text               mf_w.l(dmul.o)
    0x08000546   0x08000546   0x000000de   Code   RO         4083    .text               mf_w.l(ddiv.o)
    0x08000624   0x08000624   0x00000012   Code   RO         4085    .text               mf_w.l(fflti.o)
    0x08000636   0x08000636   0x0000000a   Code   RO         4087    .text               mf_w.l(ffltui.o)
    0x08000640   0x08000640   0x00000032   Code   RO         4091    .text               mf_w.l(ffixi.o)
    0x08000672   0x08000672   0x00000028   Code   RO         4093    .text               mf_w.l(ffixui.o)
    0x0800069a   0x0800069a   0x0000003e   Code   RO         4095    .text               mf_w.l(dfixi.o)
    0x080006d8   0x080006d8   0x00000026   Code   RO         4097    .text               mf_w.l(f2d.o)
    0x080006fe   0x080006fe   0x00000038   Code   RO         4099    .text               mf_w.l(d2f.o)
    0x08000736   0x08000736   0x0000002c   Code   RO         4171    .text               mc_w.l(uidiv.o)
    0x08000762   0x08000762   0x00000062   Code   RO         4173    .text               mc_w.l(uldiv.o)
    0x080007c4   0x080007c4   0x0000001e   Code   RO         4175    .text               mc_w.l(llshl.o)
    0x080007e2   0x080007e2   0x00000024   Code   RO         4177    .text               mc_w.l(llsshr.o)
    0x08000806   0x08000806   0x00000000   Code   RO         4186    .text               mc_w.l(iusefp.o)
    0x08000806   0x08000806   0x0000006e   Code   RO         4187    .text               mf_w.l(fepilogue.o)
    0x08000874   0x08000874   0x000000ba   Code   RO         4189    .text               mf_w.l(depilogue.o)
    0x0800092e   0x0800092e   0x0000002e   Code   RO         4191    .text               mf_w.l(dscalb.o)
    0x0800095c   0x0800095c   0x00000030   Code   RO         4193    .text               mf_w.l(dfixul.o)
    0x0800098c   0x0800098c   0x00000030   Code   RO         4195    .text               mf_w.l(cdcmple.o)
    0x080009bc   0x080009bc   0x00000030   Code   RO         4197    .text               mf_w.l(cdrcmple.o)
    0x080009ec   0x080009ec   0x00000024   Code   RO         4199    .text               mc_w.l(init.o)
    0x08000a10   0x08000a10   0x000000a2   Code   RO         4201    .text               mf_w.l(dsqrt.o)
    0x08000ab2   0x08000ab2   0x00000002   Code   RO          850    i.BusFault_Handler  stm32f1xx_it.o
    0x08000ab4   0x08000ab4   0x00000002   Code   RO          851    i.DebugMon_Handler  stm32f1xx_it.o
    0x08000ab6   0x08000ab6   0x00000004   Code   RO          615    i.Error_Handler     main.o
    0x08000aba   0x08000aba   0x00000046   Code   RO         1816    i.HAL_DMA_Abort     stm32f1xx_hal_dma.o
    0x08000b00   0x08000b00   0x00000098   Code   RO         1817    i.HAL_DMA_Abort_IT  stm32f1xx_hal_dma.o
    0x08000b98   0x08000b98   0x00000024   Code   RO         1444    i.HAL_Delay         stm32f1xx_hal.o
    0x08000bbc   0x08000bbc   0x000001e0   Code   RO         1752    i.HAL_GPIO_Init     stm32f1xx_hal_gpio.o
    0x08000d9c   0x08000d9c   0x00000010   Code   RO         1755    i.HAL_GPIO_TogglePin  stm32f1xx_hal_gpio.o
    0x08000dac   0x08000dac   0x0000000a   Code   RO         1756    i.HAL_GPIO_WritePin  stm32f1xx_hal_gpio.o
    0x08000db6   0x08000db6   0x00000002   PAD
    0x08000db8   0x08000db8   0x0000000c   Code   RO         1448    i.HAL_GetTick       stm32f1xx_hal.o
    0x08000dc4   0x08000dc4   0x00000188   Code   RO         1016    i.HAL_I2C_Init      stm32f1xx_hal_i2c.o
    0x08000f4c   0x08000f4c   0x00000250   Code   RO         1034    i.HAL_I2C_Mem_Read  stm32f1xx_hal_i2c.o
    0x0800119c   0x0800119c   0x00000130   Code   RO         1037    i.HAL_I2C_Mem_Write  stm32f1xx_hal_i2c.o
    0x080012cc   0x080012cc   0x000000a8   Code   RO          689    i.HAL_I2C_MspInit   i2c.o
    0x08001374   0x08001374   0x00000010   Code   RO         1454    i.HAL_IncTick       stm32f1xx_hal.o
    0x08001384   0x08001384   0x00000024   Code   RO         1455    i.HAL_Init          stm32f1xx_hal.o
    0x080013a8   0x080013a8   0x00000040   Code   RO         1456    i.HAL_InitTick      stm32f1xx_hal.o
    0x080013e8   0x080013e8   0x0000003c   Code   RO          945    i.HAL_MspInit       stm32f1xx_hal_msp.o
    0x08001424   0x08001424   0x0000001a   Code   RO         1912    i.HAL_NVIC_EnableIRQ  stm32f1xx_hal_cortex.o
    0x0800143e   0x0800143e   0x00000002   PAD
    0x08001440   0x08001440   0x00000040   Code   RO         1918    i.HAL_NVIC_SetPriority  stm32f1xx_hal_cortex.o
    0x08001480   0x08001480   0x00000024   Code   RO         1919    i.HAL_NVIC_SetPriorityGrouping  stm32f1xx_hal_cortex.o
    0x080014a4   0x080014a4   0x0000012c   Code   RO         1612    i.HAL_RCC_ClockConfig  stm32f1xx_hal_rcc.o
    0x080015d0   0x080015d0   0x00000020   Code   RO         1619    i.HAL_RCC_GetPCLK1Freq  stm32f1xx_hal_rcc.o
    0x080015f0   0x080015f0   0x00000020   Code   RO         1620    i.HAL_RCC_GetPCLK2Freq  stm32f1xx_hal_rcc.o
    0x08001610   0x08001610   0x0000006c   Code   RO         1621    i.HAL_RCC_GetSysClockFreq  stm32f1xx_hal_rcc.o
    0x0800167c   0x0800167c   0x00000320   Code   RO         1624    i.HAL_RCC_OscConfig  stm32f1xx_hal_rcc.o
    0x0800199c   0x0800199c   0x00000028   Code   RO         1923    i.HAL_SYSTICK_Config  stm32f1xx_hal_cortex.o
    0x080019c4   0x080019c4   0x00000002   Code   RO         3118    i.HAL_TIMEx_BreakCallback  stm32f1xx_hal_tim_ex.o
    0x080019c6   0x080019c6   0x00000002   Code   RO         3119    i.HAL_TIMEx_CommutCallback  stm32f1xx_hal_tim_ex.o
    0x080019c8   0x080019c8   0x00000068   Code   RO         3137    i.HAL_TIMEx_MasterConfigSynchronization  stm32f1xx_hal_tim_ex.o
    0x08001a30   0x08001a30   0x0000005a   Code   RO         2414    i.HAL_TIM_Base_Init  stm32f1xx_hal_tim.o
    0x08001a8a   0x08001a8a   0x00000002   PAD
    0x08001a8c   0x08001a8c   0x0000003c   Code   RO          737    i.HAL_TIM_Base_MspInit  tim.o
    0x08001ac8   0x08001ac8   0x00000058   Code   RO         2419    i.HAL_TIM_Base_Start_IT  stm32f1xx_hal_tim.o
    0x08001b20   0x08001b20   0x000000d6   Code   RO         2423    i.HAL_TIM_ConfigClockSource  stm32f1xx_hal_tim.o
    0x08001bf6   0x08001bf6   0x000000a4   Code   RO         2435    i.HAL_TIM_Encoder_Init  stm32f1xx_hal_tim.o
    0x08001c9a   0x08001c9a   0x00000002   PAD
    0x08001c9c   0x08001c9c   0x00000080   Code   RO          739    i.HAL_TIM_Encoder_MspInit  tim.o
    0x08001d1c   0x08001d1c   0x0000008e   Code   RO         2438    i.HAL_TIM_Encoder_Start  stm32f1xx_hal_tim.o
    0x08001daa   0x08001daa   0x00000002   Code   RO         2448    i.HAL_TIM_IC_CaptureCallback  stm32f1xx_hal_tim.o
    0x08001dac   0x08001dac   0x00000166   Code   RO         2462    i.HAL_TIM_IRQHandler  stm32f1xx_hal_tim.o
    0x08001f12   0x08001f12   0x00000002   PAD
    0x08001f14   0x08001f14   0x0000004c   Code   RO          740    i.HAL_TIM_MspPostInit  tim.o
    0x08001f60   0x08001f60   0x00000002   Code   RO         2465    i.HAL_TIM_OC_DelayElapsedCallback  stm32f1xx_hal_tim.o
    0x08001f62   0x08001f62   0x000000c6   Code   RO         2486    i.HAL_TIM_PWM_ConfigChannel  stm32f1xx_hal_tim.o
    0x08002028   0x08002028   0x0000005a   Code   RO         2489    i.HAL_TIM_PWM_Init  stm32f1xx_hal_tim.o
    0x08002082   0x08002082   0x00000002   Code   RO         2491    i.HAL_TIM_PWM_MspInit  stm32f1xx_hal_tim.o
    0x08002084   0x08002084   0x00000002   Code   RO         2492    i.HAL_TIM_PWM_PulseFinishedCallback  stm32f1xx_hal_tim.o
    0x08002086   0x08002086   0x00000002   PAD
    0x08002088   0x08002088   0x0000009c   Code   RO         2494    i.HAL_TIM_PWM_Start  stm32f1xx_hal_tim.o
    0x08002124   0x08002124   0x000000b4   Code   RO          852    i.HAL_TIM_PeriodElapsedCallback  stm32f1xx_it.o
    0x080021d8   0x080021d8   0x00000002   Code   RO         2505    i.HAL_TIM_TriggerCallback  stm32f1xx_hal_tim.o
    0x080021da   0x080021da   0x00000002   Code   RO         3396    i.HAL_UARTEx_RxEventCallback  stm32f1xx_hal_uart.o
    0x080021dc   0x080021dc   0x00000002   Code   RO         3410    i.HAL_UART_ErrorCallback  stm32f1xx_hal_uart.o
    0x080021de   0x080021de   0x00000002   PAD
    0x080021e0   0x080021e0   0x0000020c   Code   RO         3413    i.HAL_UART_IRQHandler  stm32f1xx_hal_uart.o
    0x080023ec   0x080023ec   0x00000062   Code   RO         3414    i.HAL_UART_Init     stm32f1xx_hal_uart.o
    0x0800244e   0x0800244e   0x00000002   PAD
    0x08002450   0x08002450   0x00000080   Code   RO          809    i.HAL_UART_MspInit  usart.o
    0x080024d0   0x080024d0   0x00000002   Code   RO         3420    i.HAL_UART_RxCpltCallback  stm32f1xx_hal_uart.o
    0x080024d2   0x080024d2   0x00000002   PAD
    0x080024d4   0x080024d4   0x000000b2   Code   RO         3422    i.HAL_UART_Transmit  stm32f1xx_hal_uart.o
    0x08002586   0x08002586   0x00000002   Code   RO         3425    i.HAL_UART_TxCpltCallback  stm32f1xx_hal_uart.o
    0x08002588   0x08002588   0x00000002   Code   RO          853    i.HardFault_Handler  stm32f1xx_it.o
    0x0800258a   0x0800258a   0x0000002e   Code   RO         1058    i.I2C_IsAcknowledgeFailed  stm32f1xx_hal_i2c.o
    0x080025b8   0x080025b8   0x000000fc   Code   RO         1068    i.I2C_RequestMemoryRead  stm32f1xx_hal_i2c.o
    0x080026b4   0x080026b4   0x000000a8   Code   RO         1069    i.I2C_RequestMemoryWrite  stm32f1xx_hal_i2c.o
    0x0800275c   0x0800275c   0x0000004c   Code   RO         1073    i.I2C_WaitOnBTFFlagUntilTimeout  stm32f1xx_hal_i2c.o
    0x080027a8   0x080027a8   0x00000068   Code   RO         1074    i.I2C_WaitOnFlagUntilTimeout  stm32f1xx_hal_i2c.o
    0x08002810   0x08002810   0x00000096   Code   RO         1075    i.I2C_WaitOnMasterAddressFlagUntilTimeout  stm32f1xx_hal_i2c.o
    0x080028a6   0x080028a6   0x00000066   Code   RO         1076    i.I2C_WaitOnRXNEFlagUntilTimeout  stm32f1xx_hal_i2c.o
    0x0800290c   0x0800290c   0x0000004c   Code   RO         1077    i.I2C_WaitOnTXEFlagUntilTimeout  stm32f1xx_hal_i2c.o
    0x08002958   0x08002958   0x000004a0   Code   RO           13    i.IMU_get_euler     imu.o
    0x08002df8   0x08002df8   0x00000154   Code   RO           15    i.IMU_get_origion_data  imu.o
    0x08002f4c   0x08002f4c   0x00000078   Code   RO          179    i.MPU_Init          mpu6050.o
    0x08002fc4   0x08002fc4   0x00000024   Code   RO          180    i.MPU_Read_Byte     mpu6050.o
    0x08002fe8   0x08002fe8   0x00000020   Code   RO          181    i.MPU_Read_Len      mpu6050.o
    0x08003008   0x08003008   0x0000000a   Code   RO          182    i.MPU_Set_Accel_Fsr  mpu6050.o
    0x08003012   0x08003012   0x0000000a   Code   RO          183    i.MPU_Set_Gyro_Fsr  mpu6050.o
    0x0800301c   0x0800301c   0x00000030   Code   RO          184    i.MPU_Set_LPF       mpu6050.o
    0x0800304c   0x0800304c   0x0000002e   Code   RO          185    i.MPU_Set_Rate      mpu6050.o
    0x0800307a   0x0800307a   0x00000002   PAD
    0x0800307c   0x0800307c   0x00000024   Code   RO          186    i.MPU_Write_Byte    mpu6050.o
    0x080030a0   0x080030a0   0x000000b0   Code   RO          664    i.MX_GPIO_Init      gpio.o
    0x08003150   0x08003150   0x00000040   Code   RO          690    i.MX_I2C1_Init      i2c.o
    0x08003190   0x08003190   0x00000040   Code   RO          691    i.MX_I2C2_Init      i2c.o
    0x080031d0   0x080031d0   0x0000006c   Code   RO          741    i.MX_TIM1_Init      tim.o
    0x0800323c   0x0800323c   0x00000068   Code   RO          742    i.MX_TIM2_Init      tim.o
    0x080032a4   0x080032a4   0x000000ac   Code   RO          743    i.MX_TIM3_Init      tim.o
    0x08003350   0x08003350   0x00000038   Code   RO          810    i.MX_USART2_UART_Init  usart.o
    0x08003388   0x08003388   0x00000002   Code   RO          854    i.MemManage_Handler  stm32f1xx_it.o
    0x0800338a   0x0800338a   0x00000002   PAD
    0x0800338c   0x0800338c   0x0000009c   Code   RO          262    i.Motor_Init        motor.o
    0x08003428   0x08003428   0x00000058   Code   RO          263    i.Motor_go          motor.o
    0x08003480   0x08003480   0x00000002   Code   RO          855    i.NMI_Handler       stm32f1xx_it.o
    0x08003482   0x08003482   0x0000003c   Code   RO          453    i.OLED_Clear        oled.o
    0x080034be   0x080034be   0x000000bc   Code   RO          457    i.OLED_DrawLine     oled.o
    0x0800357a   0x0800357a   0x0000001e   Code   RO          458    i.OLED_DrawPoint    oled.o
    0x08003598   0x08003598   0x000000de   Code   RO          459    i.OLED_Init         oled.o
    0x08003676   0x08003676   0x0000002c   Code   RO          462    i.OLED_Set_Pos      oled.o
    0x080036a2   0x080036a2   0x00000002   PAD
    0x080036a4   0x080036a4   0x00000088   Code   RO          464    i.OLED_ShowChar     oled.o
    0x0800372c   0x0800372c   0x00000036   Code   RO          466    i.OLED_ShowString   oled.o
    0x08003762   0x08003762   0x00000018   Code   RO          469    i.OLED_WR_Byte      oled.o
    0x0800377a   0x0800377a   0x00000002   PAD
    0x0800377c   0x0800377c   0x00000044   Code   RO          314    i.PID_Init          pid.o
    0x080037c0   0x080037c0   0x00000002   Code   RO          856    i.PendSV_Handler    stm32f1xx_it.o
    0x080037c2   0x080037c2   0x00000002   PAD
    0x080037c4   0x080037c4   0x00000038   Code   RO           16    i.Q_rsqrt           imu.o
    0x080037fc   0x080037fc   0x00000002   Code   RO          857    i.SVC_Handler       stm32f1xx_it.o
    0x080037fe   0x080037fe   0x00000004   Code   RO          858    i.SysTick_Handler   stm32f1xx_it.o
    0x08003802   0x08003802   0x0000005e   Code   RO          616    i.SystemClock_Config  main.o
    0x08003860   0x08003860   0x00000002   Code   RO         3743    i.SystemInit        system_stm32f1xx.o
    0x08003862   0x08003862   0x00000002   PAD
    0x08003864   0x08003864   0x0000000c   Code   RO          859    i.TIM3_IRQHandler   stm32f1xx_it.o
    0x08003870   0x08003870   0x0000006c   Code   RO         2507    i.TIM_Base_SetConfig  stm32f1xx_hal_tim.o
    0x080038dc   0x080038dc   0x0000001a   Code   RO         2508    i.TIM_CCxChannelCmd  stm32f1xx_hal_tim.o
    0x080038f6   0x080038f6   0x00000014   Code   RO         2518    i.TIM_ETR_SetConfig  stm32f1xx_hal_tim.o
    0x0800390a   0x0800390a   0x00000010   Code   RO         2519    i.TIM_ITRx_SetConfig  stm32f1xx_hal_tim.o
    0x0800391a   0x0800391a   0x00000002   PAD
    0x0800391c   0x0800391c   0x00000050   Code   RO         2520    i.TIM_OC1_SetConfig  stm32f1xx_hal_tim.o
    0x0800396c   0x0800396c   0x00000058   Code   RO         2521    i.TIM_OC2_SetConfig  stm32f1xx_hal_tim.o
    0x080039c4   0x080039c4   0x00000058   Code   RO         2522    i.TIM_OC3_SetConfig  stm32f1xx_hal_tim.o
    0x08003a1c   0x08003a1c   0x00000044   Code   RO         2523    i.TIM_OC4_SetConfig  stm32f1xx_hal_tim.o
    0x08003a60   0x08003a60   0x00000022   Code   RO         2525    i.TIM_TI1_ConfigInputStage  stm32f1xx_hal_tim.o
    0x08003a82   0x08003a82   0x00000024   Code   RO         2527    i.TIM_TI2_ConfigInputStage  stm32f1xx_hal_tim.o
    0x08003aa6   0x08003aa6   0x00000010   Code   RO         3427    i.UART_DMAAbortOnError  stm32f1xx_hal_uart.o
    0x08003ab6   0x08003ab6   0x00000030   Code   RO         3437    i.UART_EndRxTransfer  stm32f1xx_hal_uart.o
    0x08003ae6   0x08003ae6   0x000000b6   Code   RO         3439    i.UART_Receive_IT   stm32f1xx_hal_uart.o
    0x08003b9c   0x08003b9c   0x000000b8   Code   RO         3440    i.UART_SetConfig    stm32f1xx_hal_uart.o
    0x08003c54   0x08003c54   0x00000064   Code   RO         3443    i.UART_WaitOnFlagUntilTimeout  stm32f1xx_hal_uart.o
    0x08003cb8   0x08003cb8   0x0000000c   Code   RO          860    i.USART2_IRQHandler  stm32f1xx_it.o
    0x08003cc4   0x08003cc4   0x00000002   Code   RO          861    i.UsageFault_Handler  stm32f1xx_it.o
    0x08003cc6   0x08003cc6   0x00000002   PAD
    0x08003cc8   0x08003cc8   0x000001bc   Code   RO          315    i.Vertical          pid.o
    0x08003e84   0x08003e84   0x0000001c   Code   RO          470    i.Write_IIC_Command  oled.o
    0x08003ea0   0x08003ea0   0x0000001c   Code   RO          471    i.Write_IIC_Data    oled.o
    0x08003ebc   0x08003ebc   0x00000028   Code   RO         4045    i.__0sprintf        mc_w.l(printfa.o)
    0x08003ee4   0x08003ee4   0x00000028   Code   RO         4125    i.__ARM_fpclassify  m_ws.l(fpclassify.o)
    0x08003f0c   0x08003f0c   0x00000026   Code   RO         4127    i.__ARM_fpclassifyf  m_ws.l(fpclassifyf.o)
    0x08003f32   0x08003f32   0x00000020   Code   RO         1925    i.__NVIC_SetPriority  stm32f1xx_hal_cortex.o
    0x08003f52   0x08003f52   0x000000aa   Code   RO         4143    i.__kernel_poly     m_ws.l(poly.o)
    0x08003ffc   0x08003ffc   0x00000006   Code   RO         4112    i.__mathlib_dbl_infnan  m_ws.l(dunder.o)
    0x08004002   0x08004002   0x00000004   Code   RO         4113    i.__mathlib_dbl_infnan2  m_ws.l(dunder.o)
    0x08004006   0x08004006   0x0000000c   Code   RO         4114    i.__mathlib_dbl_invalid  m_ws.l(dunder.o)
    0x08004012   0x08004012   0x00000002   PAD
    0x08004014   0x08004014   0x00000010   Code   RO         4117    i.__mathlib_dbl_underflow  m_ws.l(dunder.o)
    0x08004024   0x08004024   0x00000004   Code   RO         4131    i.__mathlib_flt_infnan2  m_ws.l(funder.o)
    0x08004028   0x08004028   0x0000000a   Code   RO         4135    i.__mathlib_flt_underflow  m_ws.l(funder.o)
    0x08004032   0x08004032   0x0000000e   Code   RO         4205    i.__scatterload_copy  mc_w.l(handlers.o)
    0x08004040   0x08004040   0x00000002   Code   RO         4206    i.__scatterload_null  mc_w.l(handlers.o)
    0x08004042   0x08004042   0x0000000e   Code   RO         4207    i.__scatterload_zeroinit  mc_w.l(handlers.o)
    0x08004050   0x08004050   0x0000000c   Code   RO         4181    i.__set_errno       mc_w.l(errno.o)
    0x0800405c   0x0800405c   0x00000184   Code   RO         4050    i._fp_digits        mc_w.l(printfa.o)
    0x080041e0   0x080041e0   0x000006b4   Code   RO         4051    i._printf_core      mc_w.l(printfa.o)
    0x08004894   0x08004894   0x00000024   Code   RO         4052    i._printf_post_padding  mc_w.l(printfa.o)
    0x080048b8   0x080048b8   0x0000002e   Code   RO         4053    i._printf_pre_padding  mc_w.l(printfa.o)
    0x080048e6   0x080048e6   0x0000000a   Code   RO         4055    i._sputc            mc_w.l(printfa.o)
    0x080048f0   0x080048f0   0x00000070   Code   RO          352    i.ano_report        debug.o
    0x08004960   0x08004960   0x00000270   Code   RO         3778    i.asin              m_ws.l(asin.o)
    0x08004bd0   0x08004bd0   0x00000220   Code   RO         4102    i.atan              m_ws.l(atan.o)
    0x08004df0   0x08004df0   0x0000019c   Code   RO         3788    i.atan2             m_ws.l(atan2.o)
    0x08004f8c   0x08004f8c   0x000002a4   Code   RO         3796    i.atan2f            m_ws.l(atan2f.o)
    0x08005230   0x08005230   0x00000054   Code   RO           17    i.kalman_1          imu.o
    0x08005284   0x08005284   0x00000100   Code   RO          617    i.main              main.o
    0x08005384   0x08005384   0x00000052   Code   RO          356    i.myReport_PWM      debug.o
    0x080053d6   0x080053d6   0x0000004c   Code   RO         4147    i.sqrt              m_ws.l(sqrt.o)
    0x08005422   0x08005422   0x00000818   Data   RO          474    .constdata          oled.o
    0x08005c3a   0x08005c3a   0x00000010   Data   RO         3744    .constdata          system_stm32f1xx.o
    0x08005c4a   0x08005c4a   0x00000008   Data   RO         3745    .constdata          system_stm32f1xx.o
    0x08005c52   0x08005c52   0x00000006   PAD
    0x08005c58   0x08005c58   0x00000050   Data   RO         3779    .constdata          m_ws.l(asin.o)
    0x08005ca8   0x08005ca8   0x00000098   Data   RO         4103    .constdata          m_ws.l(atan.o)
    0x08005d40   0x08005d40   0x00000008   Data   RO         4145    .constdata          m_ws.l(qnan.o)
    0x08005d48   0x08005d48   0x00000020   Data   RO         4203    Region$$Table       anon$$obj.o


    Execution Region RW_IRAM1 (Exec base: 0x20000000, Load base: 0x08005d68, Size: 0x00001310, Max: 0x00005000, ABSOLUTE)

    Exec Addr    Load Addr    Size         Type   Attr      Idx    E Section Name        Object

    0x20000000   0x08005d68   0x00000064   Data   RW           25    .data               imu.o
    0x20000064   0x08005dcc   0x00000004   Data   RW          317    .data               pid.o
    0x20000068   0x08005dd0   0x00000001   Data   RW          862    .data               stm32f1xx_it.o
    0x20000069   0x08005dd1   0x00000003   PAD
    0x2000006c   0x08005dd4   0x0000000c   Data   RW         1462    .data               stm32f1xx_hal.o
    0x20000078   0x08005de0   0x00000004   Data   RW         3746    .data               system_stm32f1xx.o
    0x2000007c   0x08005de4   0x00000004   Data   RW         4182    .data               mc_w.l(errno.o)
    0x20000080        -       0x00000018   Zero   RW           18    .bss                imu.o
    0x20000098        -       0x00000028   Zero   RW           19    .bss                imu.o
    0x200000c0        -       0x00000020   Zero   RW          266    .bss                motor.o
    0x200000e0        -       0x00000050   Zero   RW          316    .bss                pid.o
    0x20000130        -       0x0000001c   Zero   RW          618    .bss                main.o
    0x2000014c        -       0x000000a8   Zero   RW          692    .bss                i2c.o
    0x200001f4        -       0x000000d8   Zero   RW          744    .bss                tim.o
    0x200002cc        -       0x00000044   Zero   RW          811    .bss                usart.o
    0x20000310        -       0x00001000   Zero   RW            1    STACK               startup_stm32f103xb.o


==============================================================================

Image component sizes


      Code (inc. data)   RO Data    RW Data    ZI Data      Debug   Object Name

       194          6          0          0          0       2998   debug.o
       176         14          0          0          0        899   gpio.o
       296         48          0          0        168       2146   i2c.o
      1664         46          0        100         64     436838   imu.o
       354         50          0          0         28       2204   main.o
       244         28          0          0         32       2520   motor.o
       338         14          0          0          0       4383   mpu6050.o
       814         16       2072          0          0       6825   oled.o
       512         50          0          4         80       1839   pid.o
        36          8        236          0       4096        768   startup_stm32f103xb.o
       164         28          0         12          0       5633   stm32f1xx_hal.o
       198         14          0          0          0      28755   stm32f1xx_hal_cortex.o
       222          4          0          0          0       1671   stm32f1xx_hal_dma.o
       506         34          0          0          0       3365   stm32f1xx_hal_gpio.o
      2262         56          0          0          0      12358   stm32f1xx_hal_i2c.o
        60          8          0          0          0        802   stm32f1xx_hal_msp.o
      1272        100          0          0          0       4996   stm32f1xx_hal_rcc.o
      2074         58          0          0          0      16945   stm32f1xx_hal_tim.o
       108         12          0          0          0       2241   stm32f1xx_hal_tim_ex.o
      1338         10          0          0          0       9236   stm32f1xx_hal_uart.o
       224         52          0          1          0       5463   stm32f1xx_it.o
         2          0         24          4          0       1019   system_stm32f1xx.o
       648         56          0          0        216       4060   tim.o
       184         22          0          0         68       1558   usart.o

    ----------------------------------------------------------------------
     13924        734       2370        124       4752     559522   Object Totals
         0          0         32          0          0          0   (incl. Generated)
        34          0          6          3          0          0   (incl. Padding)

    ----------------------------------------------------------------------

      Code (inc. data)   RO Data    RW Data    ZI Data      Debug   Library Member Name

       624         52         80          0          0        168   asin.o
       544         70        152          0          0        124   atan.o
       412         38          0          0          0        144   atan2.o
       676         78          0          0          0        116   atan2f.o
        38          6          0          0          0        272   dunder.o
        40          0          0          0          0         68   fpclassify.o
        38          0          0          0          0         68   fpclassifyf.o
        14          0          0          0          0        136   funder.o
       170          0          0          0          0         96   poly.o
         0          0          8          0          0          0   qnan.o
        76          0          0          0          0         84   sqrt.o
         0          0          0          0          0          0   entry.o
         0          0          0          0          0          0   entry10a.o
         0          0          0          0          0          0   entry11a.o
         4          0          0          0          0          0   entry12b.o
         8          4          0          0          0          0   entry2.o
         4          0          0          0          0          0   entry5.o
         0          0          0          0          0          0   entry7b.o
         0          0          0          0          0          0   entry8b.o
         8          4          0          0          0          0   entry9a.o
        12          6          0          4          0         68   errno.o
        30          0          0          0          0          0   handlers.o
        36          8          0          0          0         68   init.o
         0          0          0          0          0          0   iusefp.o
        30          0          0          0          0         68   llshl.o
        36          0          0          0          0         68   llsshr.o
        32          0          0          0          0         68   llushr.o
        36          0          0          0          0        108   memseta.o
      2236         86          0          0          0        532   printfa.o
        44          0          0          0          0         80   uidiv.o
        98          0          0          0          0         92   uldiv.o
        48          0          0          0          0         68   cdcmple.o
        48          0          0          0          0         68   cdrcmple.o
        56          0          0          0          0         88   d2f.o
       334          0          0          0          0        148   dadd.o
       222          0          0          0          0        100   ddiv.o
       186          0          0          0          0        176   depilogue.o
        62          0          0          0          0         80   dfixi.o
        48          0          0          0          0         68   dfixul.o
       228          0          0          0          0         96   dmul.o
        46          0          0          0          0         80   dscalb.o
       162          0          0          0          0        100   dsqrt.o
        38          0          0          0          0         68   f2d.o
       176          0          0          0          0        140   fadd.o
       124          0          0          0          0         88   fdiv.o
       110          0          0          0          0        168   fepilogue.o
        50          0          0          0          0         68   ffixi.o
        40          0          0          0          0         68   ffixui.o
        18          0          0          0          0         68   fflti.o
        10          0          0          0          0         68   ffltui.o
       100          0          0          0          0         76   fmul.o
        24          0          0          0          0         68   fscalb.o

    ----------------------------------------------------------------------
      7378        352        240          4          0       4380   Library Totals
         2          0          0          0          0          0   (incl. Padding)

    ----------------------------------------------------------------------

      Code (inc. data)   RO Data    RW Data    ZI Data      Debug   Library Name

      2632        244        240          0          0       1276   m_ws.l
      2614        108          0          4          0       1152   mc_w.l
      2130          0          0          0          0       1952   mf_w.l

    ----------------------------------------------------------------------
      7378        352        240          4          0       4380   Library Totals

    ----------------------------------------------------------------------

==============================================================================


      Code (inc. data)   RO Data    RW Data    ZI Data      Debug   

     21302       1086       2610        128       4752     555162   Grand Totals
     21302       1086       2610        128       4752     555162   ELF Image Totals
     21302       1086       2610        128          0          0   ROM Totals

==============================================================================

    Total RO  Size (Code + RO Data)                23912 (  23.35kB)
    Total RW  Size (RW Data + ZI Data)              4880 (   4.77kB)
    Total ROM Size (Code + RO Data + RW Data)      24040 (  23.48kB)

==============================================================================

