<html>
<body>
<pre>
<h1>µVision Build Log</h1>
<h2>Tool Versions:</h2>
IDE-Version: ¦ÌVision V5.34.0.0
Copyright (C) 2021 ARM Ltd and ARM Germany GmbH. All rights reserved.
License Information: 11 Administrator, 1, LIC=32B1Q-NYIB2-NN9AF-6T1KL-53IT1-DHMPD
 
Tool Versions:
Toolchain:       MDK-ARM Plus  Version: 5.34.0.0
Toolchain Path:  D:\KEILMDK\software\ARM\ARMCC\Bin
C Compiler:      Armcc.exe V5.06 update 7 (build 960)
Assembler:       Armasm.exe V5.06 update 7 (build 960)
Linker/Locator:  ArmLink.exe V5.06 update 7 (build 960)
Library Manager: ArmAr.exe V5.06 update 7 (build 960)
Hex Converter:   FromElf.exe V5.06 update 7 (build 960)
CPU DLL:         SARMCM3.DLL V5.34.0.0
Dialog DLL:      DCM.DLL V1.17.3.0
Target DLL:      STLink\ST-LINKIII-KEIL_SWO.dll V3.0.8.0
Dialog DLL:      TCM.DLL V1.48.0.0
 
<h2>Project:</h2>
E:\MyDIYBoard\PHXC\MDK-ARM\PHXC.uvprojx
Project File Date:  05/16/2023

<h2>Output:</h2>
*** Using Compiler 'V5.06 update 7 (build 960)', folder: 'D:\KEILMDK\software\ARM\ARMCC\Bin'
Build target 'PHXC'
compiling imu.c...
..\Core\Src\imu.c(29): warning:  #167-D: argument of type "volatile char *" is incompatible with parameter of type "uint8_t *"
      MPU_Read_Len(MPU_ADDR, MPU_ACCEL_XOUTH_REG, 6, dev->AC_buffer);
..\Core\Src\imu.c(30): warning:  #167-D: argument of type "volatile char *" is incompatible with parameter of type "uint8_t *"
      MPU_Read_Len(MPU_ADDR, MPU_GYRO_XOUTH_REG, 6, dev->GY_buffer);
..\Core\Src\imu.c(66): warning:  #177-D: variable "aac_x"  was declared but never referenced
      float aac_x, aac_y, aac_z;
..\Core\Src\imu.c(66): warning:  #177-D: variable "aac_y"  was declared but never referenced
      float aac_x, aac_y, aac_z;
..\Core\Src\imu.c(66): warning:  #177-D: variable "aac_z"  was declared but never referenced
      float aac_x, aac_y, aac_z;
..\Core\Src\imu.c: 5 warnings, 0 errors
linking...
Program Size: Code=21302 RO-data=2610 RW-data=128 ZI-data=4752  
FromELF: creating hex file...
"PHXC\PHXC.axf" - 0 Error(s), 5 Warning(s).

<h2>Software Packages used:</h2>

Package Vendor: ARM
                http://www.keil.com/pack/ARM.CMSIS.5.7.0.pack
                ARM.CMSIS.5.7.0
                CMSIS (Cortex Microcontroller Software Interface Standard)
   * Component: CORE Version: 5.4.0

Package Vendor: Keil
                http://www.keil.com/pack/Keil.STM32F1xx_DFP.2.3.0.pack
                Keil.STM32F1xx_DFP.2.3.0
                STMicroelectronics STM32F1 Series Device Support, Drivers and Examples

<h2>Collection of Component include folders:</h2>
  .\RTE\_PHXC
  D:\KEILMDK\pack\ARM\CMSIS\5.7.0\CMSIS\Core\Include
  D:\KEILMDK\pack\Keil\STM32F1xx_DFP\2.3.0\Device\Include

<h2>Collection of Component Files used:</h2>

   * Component: ARM::CMSIS:CORE:5.4.0
      Include file:  CMSIS\Core\Include\tz_context.h
Build Time Elapsed:  00:00:02
</pre>
</body>
</html>
